Archive member included to satisfy reference by file (symbol)

/opt/st/stm32cubeide_1.17.0/plugins/com.st.stm32cube.ide.mcu.externaltools.gnu-tools-for-stm32.13.3.rel1.linux64_1.0.0.202410170706/tools/bin/../lib/gcc/arm-none-eabi/13.3.1/../../../../arm-none-eabi/lib/thumb/v7e-m+dp/hard/libc_nano.a(libc_a-exit.o)
                              /opt/st/stm32cubeide_1.17.0/plugins/com.st.stm32cube.ide.mcu.externaltools.gnu-tools-for-stm32.13.3.rel1.linux64_1.0.0.202410170706/tools/bin/../lib/gcc/arm-none-eabi/13.3.1/../../../../arm-none-eabi/lib/thumb/v7e-m+dp/hard/crt0.o (exit)
/opt/st/stm32cubeide_1.17.0/plugins/com.st.stm32cube.ide.mcu.externaltools.gnu-tools-for-stm32.13.3.rel1.linux64_1.0.0.202410170706/tools/bin/../lib/gcc/arm-none-eabi/13.3.1/../../../../arm-none-eabi/lib/thumb/v7e-m+dp/hard/libc_nano.a(libc_a-nano-vfprintf_float.o)
                              (_printf_float)
/opt/st/stm32cubeide_1.17.0/plugins/com.st.stm32cube.ide.mcu.externaltools.gnu-tools-for-stm32.13.3.rel1.linux64_1.0.0.202410170706/tools/bin/../lib/gcc/arm-none-eabi/13.3.1/../../../../arm-none-eabi/lib/thumb/v7e-m+dp/hard/libc_nano.a(libc_a-nano-vfprintf_i.o)
                              /opt/st/stm32cubeide_1.17.0/plugins/com.st.stm32cube.ide.mcu.externaltools.gnu-tools-for-stm32.13.3.rel1.linux64_1.0.0.202410170706/tools/bin/../lib/gcc/arm-none-eabi/13.3.1/../../../../arm-none-eabi/lib/thumb/v7e-m+dp/hard/libc_nano.a(libc_a-nano-vfprintf_float.o) (_printf_common)
/opt/st/stm32cubeide_1.17.0/plugins/com.st.stm32cube.ide.mcu.externaltools.gnu-tools-for-stm32.13.3.rel1.linux64_1.0.0.202410170706/tools/bin/../lib/gcc/arm-none-eabi/13.3.1/../../../../arm-none-eabi/lib/thumb/v7e-m+dp/hard/libc_nano.a(libc_a-findfp.o)
                              /opt/st/stm32cubeide_1.17.0/plugins/com.st.stm32cube.ide.mcu.externaltools.gnu-tools-for-stm32.13.3.rel1.linux64_1.0.0.202410170706/tools/bin/../lib/gcc/arm-none-eabi/13.3.1/../../../../arm-none-eabi/lib/thumb/v7e-m+dp/hard/libc_nano.a(libc_a-exit.o) (__stdio_exit_handler)
/opt/st/stm32cubeide_1.17.0/plugins/com.st.stm32cube.ide.mcu.externaltools.gnu-tools-for-stm32.13.3.rel1.linux64_1.0.0.202410170706/tools/bin/../lib/gcc/arm-none-eabi/13.3.1/../../../../arm-none-eabi/lib/thumb/v7e-m+dp/hard/libc_nano.a(libc_a-fwalk.o)
                              /opt/st/stm32cubeide_1.17.0/plugins/com.st.stm32cube.ide.mcu.externaltools.gnu-tools-for-stm32.13.3.rel1.linux64_1.0.0.202410170706/tools/bin/../lib/gcc/arm-none-eabi/13.3.1/../../../../arm-none-eabi/lib/thumb/v7e-m+dp/hard/libc_nano.a(libc_a-findfp.o) (_fwalk_sglue)
/opt/st/stm32cubeide_1.17.0/plugins/com.st.stm32cube.ide.mcu.externaltools.gnu-tools-for-stm32.13.3.rel1.linux64_1.0.0.202410170706/tools/bin/../lib/gcc/arm-none-eabi/13.3.1/../../../../arm-none-eabi/lib/thumb/v7e-m+dp/hard/libc_nano.a(libc_a-snprintf.o)
                              ./Core/Src/filters.o (snprintf)
/opt/st/stm32cubeide_1.17.0/plugins/com.st.stm32cube.ide.mcu.externaltools.gnu-tools-for-stm32.13.3.rel1.linux64_1.0.0.202410170706/tools/bin/../lib/gcc/arm-none-eabi/13.3.1/../../../../arm-none-eabi/lib/thumb/v7e-m+dp/hard/libc_nano.a(libc_a-stdio.o)
                              /opt/st/stm32cubeide_1.17.0/plugins/com.st.stm32cube.ide.mcu.externaltools.gnu-tools-for-stm32.13.3.rel1.linux64_1.0.0.202410170706/tools/bin/../lib/gcc/arm-none-eabi/13.3.1/../../../../arm-none-eabi/lib/thumb/v7e-m+dp/hard/libc_nano.a(libc_a-findfp.o) (__sread)
/opt/st/stm32cubeide_1.17.0/plugins/com.st.stm32cube.ide.mcu.externaltools.gnu-tools-for-stm32.13.3.rel1.linux64_1.0.0.202410170706/tools/bin/../lib/gcc/arm-none-eabi/13.3.1/../../../../arm-none-eabi/lib/thumb/v7e-m+dp/hard/libc_nano.a(libc_a-memset.o)
                              /opt/st/stm32cubeide_1.17.0/plugins/com.st.stm32cube.ide.mcu.externaltools.gnu-tools-for-stm32.13.3.rel1.linux64_1.0.0.202410170706/tools/bin/../lib/gcc/arm-none-eabi/13.3.1/../../../../arm-none-eabi/lib/thumb/v7e-m+dp/hard/crt0.o (memset)
/opt/st/stm32cubeide_1.17.0/plugins/com.st.stm32cube.ide.mcu.externaltools.gnu-tools-for-stm32.13.3.rel1.linux64_1.0.0.202410170706/tools/bin/../lib/gcc/arm-none-eabi/13.3.1/../../../../arm-none-eabi/lib/thumb/v7e-m+dp/hard/libc_nano.a(libc_a-localeconv.o)
                              /opt/st/stm32cubeide_1.17.0/plugins/com.st.stm32cube.ide.mcu.externaltools.gnu-tools-for-stm32.13.3.rel1.linux64_1.0.0.202410170706/tools/bin/../lib/gcc/arm-none-eabi/13.3.1/../../../../arm-none-eabi/lib/thumb/v7e-m+dp/hard/libc_nano.a(libc_a-nano-vfprintf_float.o) (_localeconv_r)
/opt/st/stm32cubeide_1.17.0/plugins/com.st.stm32cube.ide.mcu.externaltools.gnu-tools-for-stm32.13.3.rel1.linux64_1.0.0.202410170706/tools/bin/../lib/gcc/arm-none-eabi/13.3.1/../../../../arm-none-eabi/lib/thumb/v7e-m+dp/hard/libc_nano.a(libc_a-closer.o)
[...]
Memory Configuration

Name             Origin             Length             Attributes
ITCMRAM          0x00000000         0x00010000         xrw
DTCMRAM          0x20000000         0x00020000         xrw
FLASH            0x08000000         0x00100000         xr
RAM_D1           0x24000000         0x00050000         xrw
RAM_D2           0x30000000         0x00008000         xrw
RAM_D3           0x38000000         0x00004000         xrw
*default*        0x00000000         0xffffffff

Linker script and memory map

LOAD /opt/st/stm32cubeide_1.17.0/plugins/com.st.stm32cube.ide.mcu.externaltools.gnu-tools-for-stm32.13.3.rel1.linux64_1.0.0.202410170706/tools/bin/../lib/gcc/arm-none-eabi/13.3.1/thumb/v7e-m+dp/hard/crti.o
LOAD /opt/st/stm32cubeide_1.17.0/plugins/com.st.stm32cube.ide.mcu.externaltools.gnu-tools-for-stm32.13.3.rel1.linux64_1.0.0.202410170706/tools/bin/../lib/gcc/arm-none-eabi/13.3.1/thumb/v7e-m+dp/hard/crtbegin.o
LOAD /opt/st/stm32cubeide_1.17.0/plugins/com.st.stm32cube.ide.mcu.externaltools.gnu-tools-for-stm32.13.3.rel1.linux64_1.0.0.202410170706/tools/bin/../lib/gcc/arm-none-eabi/13.3.1/../../../../arm-none-eabi/lib/thumb/v7e-m+dp/hard/crt0.o
LOAD ./Core/Src/dma.o
LOAD ./Core/Src/filters.o
LOAD ./Core/Src/gpio.o
LOAD ./Core/Src/icm20948.o
LOAD ./Core/Src/kalman.o
LOAD ./Core/Src/main.o
LOAD ./Core/Src/memorymap.o
LOAD ./Core/Src/spi.o
LOAD ./Core/Src/stm32h7xx_hal_msp.o
LOAD ./Core/Src/stm32h7xx_it.o
LOAD ./Core/Src/syscalls.o
LOAD ./Core/Src/sysmem.o
LOAD ./Core/Src/system_stm32h7xx.o
LOAD ./Core/Src/usart.o
LOAD ./Core/Startup/startup_stm32h723vgtx.o
LOAD ./Drivers/STM32H7xx_HAL_Driver/Src/stm32h7xx_hal.o
LOAD ./Drivers/STM32H7xx_HAL_Driver/Src/stm32h7xx_hal_cortex.o
LOAD ./Drivers/STM32H7xx_HAL_Driver/Src/stm32h7xx_hal_dma.o
LOAD ./Drivers/STM32H7xx_HAL_Driver/Src/stm32h7xx_hal_dma_ex.o
LOAD ./Drivers/STM32H7xx_HAL_Driver/Src/stm32h7xx_hal_exti.o
LOAD ./Drivers/STM32H7xx_HAL_Driver/Src/stm32h7xx_hal_flash.o
LOAD ./Drivers/STM32H7xx_HAL_Driver/Src/stm32h7xx_hal_flash_ex.o
LOAD ./Drivers/STM32H7xx_HAL_Driver/Src/stm32h7xx_hal_gpio.o
LOAD ./Drivers/STM32H7xx_HAL_Driver/Src/stm32h7xx_hal_hsem.o
LOAD ./Drivers/STM32H7xx_HAL_Driver/Src/stm32h7xx_hal_i2c.o
LOAD ./Drivers/STM32H7xx_HAL_Driver/Src/stm32h7xx_hal_i2c_ex.o
LOAD ./Drivers/STM32H7xx_HAL_Driver/Src/stm32h7xx_hal_mdma.o
LOAD ./Drivers/STM32H7xx_HAL_Driver/Src/stm32h7xx_hal_pwr.o
LOAD ./Drivers/STM32H7xx_HAL_Driver/Src/stm32h7xx_hal_pwr_ex.o
LOAD ./Drivers/STM32H7xx_HAL_Driver/Src/stm32h7xx_hal_rcc.o
LOAD ./Drivers/STM32H7xx_HAL_Driver/Src/stm32h7xx_hal_rcc_ex.o
LOAD ./Drivers/STM32H7xx_HAL_Driver/Src/stm32h7xx_hal_spi.o
LOAD ./Drivers/STM32H7xx_HAL_Driver/Src/stm32h7xx_hal_spi_ex.o
LOAD ./Drivers/STM32H7xx_HAL_Driver/Src/stm32h7xx_hal_uart.o
LOAD ./Drivers/STM32H7xx_HAL_Driver/Src/stm32h7xx_hal_uart_ex.o
START GROUP
LOAD /opt/st/stm32cubeide_1.17.0/plugins/com.st.stm32cube.ide.mcu.externaltools.gnu-tools-for-stm32.13.3.rel1.linux64_1.0.0.202410170706/tools/bin/../lib/gcc/arm-none-eabi/13.3.1/../../../../arm-none-eabi/lib/thumb/v7e-m+dp/hard/libc_nano.a
LOAD /opt/st/stm32cubeide_1.17.0/plugins/com.st.stm32cube.ide.mcu.externaltools.gnu-tools-for-stm32.13.3.rel1.linux64_1.0.0.202410170706/tools/bin/../lib/gcc/arm-none-eabi/13.3.1/../../../../arm-none-eabi/lib/thumb/v7e-m+dp/hard/libm.a
END GROUP
START GROUP
LOAD /opt/st/stm32cubeide_1.17.0/plugins/com.st.stm32cube.ide.mcu.externaltools.gnu-tools-for-stm32.13.3.rel1.linux64_1.0.0.202410170706/tools/bin/../lib/gcc/arm-none-eabi/13.3.1/thumb/v7e-m+dp/hard/libgcc.a
LOAD /opt/st/stm32cubeide_1.17.0/plugins/com.st.stm32cube.ide.mcu.externaltools.gnu-tools-for-stm32.13.3.rel1.linux64_1.0.0.202410170706/tools/bin/../lib/gcc/arm-none-eabi/13.3.1/../../../../arm-none-eabi/lib/thumb/v7e-m+dp/hard/libc_nano.a
END GROUP
START GROUP
LOAD /opt/st/stm32cubeide_1.17.0/plugins/com.st.stm32cube.ide.mcu.externaltools.gnu-tools-for-stm32.13.3.rel1.linux64_1.0.0.202410170706/tools/bin/../lib/gcc/arm-none-eabi/13.3.1/thumb/v7e-m+dp/hard/libgcc.a
LOAD /opt/st/stm32cubeide_1.17.0/plugins/com.st.stm32cube.ide.mcu.externaltools.gnu-tools-for-stm32.13.3.rel1.linux64_1.0.0.202410170706/tools/bin/../lib/gcc/arm-none-eabi/13.3.1/../../../../arm-none-eabi/lib/thumb/v7e-m+dp/hard/libc_nano.a
LOAD /opt/st/stm32cubeide_1.17.0/plugins/com.st.stm32cube.ide.mcu.externaltools.gnu-tools-for-stm32.13.3.rel1.linux64_1.0.0.202410170706/tools/bin/../lib/gcc/arm-none-eabi/13.3.1/../../../../arm-none-eabi/lib/thumb/v7e-m+dp/hard/libnosys.a
END GROUP
START GROUP
LOAD /opt/st/stm32cubeide_1.17.0/plugins/com.st.stm32cube.ide.mcu.externaltools.gnu-tools-for-stm32.13.3.rel1.linux64_1.0.0.202410170706/tools/bin/../lib/gcc/arm-none-eabi/13.3.1/thumb/v7e-m+dp/hard/libgcc.a
LOAD /opt/st/stm32cubeide_1.17.0/plugins/com.st.stm32cube.ide.mcu.externaltools.gnu-tools-for-stm32.13.3.rel1.linux64_1.0.0.202410170706/tools/bin/../lib/gcc/arm-none-eabi/13.3.1/../../../../arm-none-eabi/lib/thumb/v7e-m+dp/hard/libc_nano.a
LOAD /opt/st/stm32cubeide_1.17.0/plugins/com.st.stm32cube.ide.mcu.externaltools.gnu-tools-for-stm32.13.3.rel1.linux64_1.0.0.202410170706/tools/bin/../lib/gcc/arm-none-eabi/13.3.1/../../../../arm-none-eabi/lib/thumb/v7e-m+dp/hard/libnosys.a
END GROUP
LOAD /opt/st/stm32cubeide_1.17.0/plugins/com.st.stm32cube.ide.mcu.externaltools.gnu-tools-for-stm32.13.3.rel1.linux64_1.0.0.202410170706/tools/bin/../lib/gcc/arm-none-eabi/13.3.1/thumb/v7e-m+dp/hard/crtend.o
LOAD /opt/st/stm32cubeide_1.17.0/plugins/com.st.stm32cube.ide.mcu.externaltools.gnu-tools-for-stm32.13.3.rel1.linux64_1.0.0.202410170706/tools/bin/../lib/gcc/arm-none-eabi/13.3.1/thumb/v7e-m+dp/hard/crtn.o
                0x24050000                        _estack = (ORIGIN (RAM_D1) + LENGTH (RAM_D1))
                0x00000200                        _Min_Heap_Size = 0x200
                0x00000400                        _Min_Stack_Size = 0x400

.isr_vector     0x08000000      0x2cc
                0x08000000                        . = ALIGN (0x4)
 *(.isr_vector)
 .isr_vector    0x08000000      0x2cc ./Core/Startup/startup_stm32h723vgtx.o
                0x08000000                g_pfnVectors
                0x080002cc                        . = ALIGN (0x4)

.text           0x080002d0     0xe9d8
                0x080002d0                        . = ALIGN (0x4)
 *(.text)
 .text          0x080002d0       0x40 /opt/st/stm32cubeide_1.17.0/plugins/com.st.stm32cube.ide.mcu.externaltools.gnu-tools-for-stm32.13.3.rel1.linux64_1.0.0.202410170706/tools/bin/../lib/gcc/arm-none-eabi/13.3.1/thumb/v7e-m+dp/hard/crtbegin.o
 .text          0x08000310       0xa0 /opt/st/stm32cubeide_1.17.0/plugins/com.st.stm32cube.ide.mcu.externaltools.gnu-tools-for-stm32.13.3.rel1.linux64_1.0.0.202410170706/tools/bin/../lib/gcc/arm-none-eabi/13.3.1/../../../../arm-none-eabi/lib/thumb/v7e-m+dp/hard/libc_nano.a(libc_a-memchr.o)
                0x08000310                memchr
 .text          0x080003b0       0x10 /opt/st/stm32cubeide_1.17.0/plugins/com.st.stm32cube.ide.mcu.externaltools.gnu-tools-for-stm32.13.3.rel1.linux64_1.0.0.202410170706/tools/bin/../lib/gcc/arm-none-eabi/13.3.1/../../../../arm-none-eabi/lib/thumb/v7e-m+dp/hard/libc_nano.a(libc_a-strlen.o)
                0x080003b0                strlen
 .text          0x080003c0       0x30 /opt/st/stm32cubeide_1.17.0/plugins/com.st.stm32cube.ide.mcu.externaltools.gnu-tools-for-stm32.13.3.rel1.linux64_1.0.0.202410170706/tools/bin/../lib/gcc/arm-none-eabi/13.3.1/thumb/v7e-m+dp/hard/libgcc.a(_aeabi_uldivmod.o)
                0x080003c0                __aeabi_uldivmod
 .text          0x080003f0      0x2f8 /opt/st/stm32cubeide_1.17.0/plugins/com.st.stm32cube.ide.mcu.externaltools.gnu-tools-for-stm32.13.3.rel1.linux64_1.0.0.202410170706/tools/bin/../lib/gcc/arm-none-eabi/13.3.1/thumb/v7e-m+dp/hard/libgcc.a(_udivmoddi4.o)
                0x080003f0                __udivmoddi4
 .text          0x080006e8        0x4 /opt/st/stm32cubeide_1.17.0/plugins/com.st.stm32cube.ide.mcu.externaltools.gnu-tools-for-stm32.13.3.rel1.linux64_1.0.0.202410170706/tools/bin/../lib/gcc/arm-none-eabi/13.3.1/thumb/v7e-m+dp/hard/libgcc.a(_dvmd_tls.o)
                0x080006e8                __aeabi_ldiv0
                0x080006e8                __aeabi_idiv0
 *(.text*)
 .text.MX_DMA_Init
                0x080006ec       0x50 ./Core/Src/dma.o
                0x080006ec                MX_DMA_Init
 .text.filters_init
                0x0800073c       0x20 ./Core/Src/filters.o
                0x0800073c                filters_init
 .text.filters_calibrate_gyro
                0x0800075c      0x108 ./Core/Src/filters.o
                0x0800075c                filters_calibrate_gyro
 .text.filters_calibrate_accel
                0x08000864       0xc0 ./Core/Src/filters.o
                0x08000864                filters_calibrate_accel
 .text.filters_apply_gyro
                0x08000924      0x684 ./Core/Src/filters.o
                0x08000924                filters_apply_gyro
 .text.filters_apply_accel
                0x08000fa8       0x78 ./Core/Src/filters.o
                0x08000fa8                filters_apply_accel
 .text.apply_pt1_filter
                0x08001020       0x94 ./Core/Src/filters.o
 *fill*         0x080010b4        0x4 
 .text.apply_pt2_filter
                0x080010b8       0x94 ./Core/Src/filters.o
 .text.MX_GPIO_Init
                0x0800114c       0xc8 ./Core/Src/gpio.o
                0x0800114c                MX_GPIO_Init
 .text.icm20948_init
                0x08001214       0xb0 ./Core/Src/icm20948.o
                0x08001214                icm20948_init
 .text.icm20948_gyro_read
                0x080012c4       0xec ./Core/Src/icm20948.o
                0x080012c4                icm20948_gyro_read
 .text.icm20948_accel_read
                0x080013b0       0xf8 ./Core/Src/icm20948.o
                0x080013b0                icm20948_accel_read
 .text.icm20948_gyro_read_dps
                0x080014a8       0x5c ./Core/Src/icm20948.o
                0x080014a8                icm20948_gyro_read_dps
 .text.icm20948_accel_read_g
                0x08001504       0x5c ./Core/Src/icm20948.o
                0x08001504                icm20948_accel_read_g
 .text.icm20948_who_am_i
                0x08001560       0x26 ./Core/Src/icm20948.o
                0x08001560                icm20948_who_am_i
 .text.icm20948_device_reset
                0x08001586       0x18 ./Core/Src/icm20948.o
                0x08001586                icm20948_device_reset
 .text.icm20948_wakeup
                0x0800159e       0x34 ./Core/Src/icm20948.o
                0x0800159e                icm20948_wakeup
 .text.icm20948_spi_slave_enable
                0x080015d2       0x2e ./Core/Src/icm20948.o
                0x080015d2                icm20948_spi_slave_enable
 .text.icm20948_clock_source
                0x08001600       0x32 ./Core/Src/icm20948.o
                0x08001600                icm20948_clock_source
 .text.icm20948_odr_align_enable
                0x08001632       0x12 ./Core/Src/icm20948.o
                0x08001632                icm20948_odr_align_enable
 .text.icm20948_gyro_low_pass_filter
                0x08001644       0x3c ./Core/Src/icm20948.o
                0x08001644                icm20948_gyro_low_pass_filter
 .text.icm20948_accel_low_pass_filter
                0x08001680       0x3c ./Core/Src/icm20948.o
                0x08001680                icm20948_accel_low_pass_filter
 .text.icm20948_gyro_sample_rate_divider
                0x080016bc       0x1e ./Core/Src/icm20948.o
                0x080016bc                icm20948_gyro_sample_rate_divider
 .text.icm20948_accel_sample_rate_divider
                0x080016da       0x3c ./Core/Src/icm20948.o
                0x080016da                icm20948_accel_sample_rate_divider
 *fill*         0x08001716        0x2 
 .text.icm20948_gyro_calibration
                0x08001718      0x160 ./Core/Src/icm20948.o
                0x08001718                icm20948_gyro_calibration
 .text.icm20948_accel_calibration
                0x08001878      0x320 ./Core/Src/icm20948.o
                0x08001878                icm20948_accel_calibration
 .text.icm20948_gyro_full_scale_select
                0x08001b98       0x94 ./Core/Src/icm20948.o
                0x08001b98                icm20948_gyro_full_scale_select
 .text.icm20948_accel_full_scale_select
                0x08001c2c       0x8c ./Core/Src/icm20948.o
                0x08001c2c                icm20948_accel_full_scale_select
 .text.cs_high  0x08001cb8       0x18 ./Core/Src/icm20948.o
 .text.cs_low   0x08001cd0       0x18 ./Core/Src/icm20948.o
 .text.select_user_bank
                0x08001ce8       0x34 ./Core/Src/icm20948.o
 .text.read_single_icm20948_reg
                0x08001d1c       0x58 ./Core/Src/icm20948.o
 .text.write_single_icm20948_reg
                0x08001d74       0x48 ./Core/Src/icm20948.o
 .text.read_multiple_icm20948_reg
                0x08001dbc       0x78 ./Core/Src/icm20948.o
 .text.write_multiple_icm20948_reg
                0x08001e34       0x78 ./Core/Src/icm20948.o
 .text.HAL_SPI_TxRxCpltCallback
                0x08001eac       0x40 ./Core/Src/icm20948.o
                0x08001eac                HAL_SPI_TxRxCpltCallback
 .text.HAL_SPI_TxCpltCallback
                0x08001eec       0x2c ./Core/Src/icm20948.o
                0x08001eec                HAL_SPI_TxCpltCallback
 .text.kalman_init
                0x08001f18       0x74 ./Core/Src/kalman.o
                0x08001f18                kalman_init
 .text.kalman_update
                0x08001f8c      0x2e0 ./Core/Src/kalman.o
                0x08001f8c                kalman_update
 .text.kalman_update_single
                0x0800226c      0x1e4 ./Core/Src/kalman.o
 .text.calculate_roll
                0x08002450       0x84 ./Core/Src/kalman.o
 *fill*         0x080024d4        0x4 
 .text.calculate_pitch
                0x080024d8       0x5c ./Core/Src/kalman.o
 .text.main     0x08002534      0x220 ./Core/Src/main.o
                0x08002534                main
 .text.SystemClock_Config
                0x08002754       0xe0 ./Core/Src/main.o
                0x08002754                SystemClock_Config
 .text.MPU_Config
                0x08002834       0x58 ./Core/Src/main.o
 .text.Error_Handler
                0x0800288c        0xc ./Core/Src/main.o
                0x0800288c                Error_Handler
 .text.MX_SPI2_Init
                0x08002898       0xb0 ./Core/Src/spi.o
                0x08002898                MX_SPI2_Init
 .text.HAL_SPI_MspInit
                0x08002948      0x1f4 ./Core/Src/spi.o
                0x08002948                HAL_SPI_MspInit
 .text.HAL_MspInit
                0x08002b3c       0x34 ./Core/Src/stm32h7xx_hal_msp.o
                0x08002b3c                HAL_MspInit
 .text.NMI_Handler
                0x08002b70        0x8 ./Core/Src/stm32h7xx_it.o
                0x08002b70                NMI_Handler
 .text.HardFault_Handler
                0x08002b78        0x8 ./Core/Src/stm32h7xx_it.o
                0x08002b78                HardFault_Handler
 .text.MemManage_Handler
                0x08002b80        0x8 ./Core/Src/stm32h7xx_it.o
                0x08002b80                MemManage_Handler
 .text.BusFault_Handler
                0x08002b88        0x8 ./Core/Src/stm32h7xx_it.o
                0x08002b88                BusFault_Handler
 .text.UsageFault_Handler
                0x08002b90        0x8 ./Core/Src/stm32h7xx_it.o
                0x08002b90                UsageFault_Handler
 .text.SVC_Handler
                0x08002b98        0xe ./Core/Src/stm32h7xx_it.o
                0x08002b98                SVC_Handler
 .text.DebugMon_Handler
                0x08002ba6        0xe ./Core/Src/stm32h7xx_it.o
                0x08002ba6                DebugMon_Handler
 .text.PendSV_Handler
                0x08002bb4        0xe ./Core/Src/stm32h7xx_it.o
                0x08002bb4                PendSV_Handler
 .text.SysTick_Handler
                0x08002bc2        0xc ./Core/Src/stm32h7xx_it.o
                0x08002bc2                SysTick_Handler
 *fill*         0x08002bce        0x2 
 .text.DMA1_Stream3_IRQHandler
                0x08002bd0       0x14 ./Core/Src/stm32h7xx_it.o
                0x08002bd0                DMA1_Stream3_IRQHandler
 .text.DMA1_Stream4_IRQHandler
                0x08002be4       0x14 ./Core/Src/stm32h7xx_it.o
                0x08002be4                DMA1_Stream4_IRQHandler
 .text.SPI2_IRQHandler
                0x08002bf8       0x14 ./Core/Src/stm32h7xx_it.o
                0x08002bf8                SPI2_IRQHandler
 .text._getpid  0x08002c0c       0x10 ./Core/Src/syscalls.o
                0x08002c0c                _getpid
 .text._kill    0x08002c1c       0x20 ./Core/Src/syscalls.o
                0x08002c1c                _kill
 .text._exit    0x08002c3c       0x16 ./Core/Src/syscalls.o
                0x08002c3c                _exit
 .text._read    0x08002c52       0x3a ./Core/Src/syscalls.o
                0x08002c52                _read
 .text._write   0x08002c8c       0x38 ./Core/Src/syscalls.o
                0x08002c8c                _write
 .text._close   0x08002cc4       0x18 ./Core/Src/syscalls.o
                0x08002cc4                _close
 .text._fstat   0x08002cdc       0x20 ./Core/Src/syscalls.o
                0x08002cdc                _fstat
 .text._isatty  0x08002cfc       0x16 ./Core/Src/syscalls.o
                0x08002cfc                _isatty
 .text._lseek   0x08002d12       0x1a ./Core/Src/syscalls.o
                0x08002d12                _lseek
 .text._sbrk    0x08002d2c       0x6c ./Core/Src/sysmem.o
                0x08002d2c                _sbrk
 .text.SystemInit
                0x08002d98      0x120 ./Core/Src/system_stm32h7xx.o
                0x08002d98                SystemInit
 .text.ExitRun0Mode
                0x08002eb8       0x30 ./Core/Src/system_stm32h7xx.o
                0x08002eb8                ExitRun0Mode
 .text.MX_USART6_UART_Init
                0x08002ee8       0x98 ./Core/Src/usart.o
                0x08002ee8                MX_USART6_UART_Init
 .text.HAL_UART_MspInit
                0x08002f80       0xd0 ./Core/Src/usart.o
                0x08002f80                HAL_UART_MspInit
 .text.Reset_Handler
                0x08003050       0x54 ./Core/Startup/startup_stm32h723vgtx.o
                0x08003050                Reset_Handler
 .text.Default_Handler
                0x080030a4        0x2 ./Core/Startup/startup_stm32h723vgtx.o
                0x080030a4                RTC_Alarm_IRQHandler
                0x080030a4                EXTI2_IRQHandler
                0x080030a4                TIM8_CC_IRQHandler
                0x080030a4                UART8_IRQHandler
                0x080030a4                SPI4_IRQHandler
                0x080030a4                FDCAN3_IT0_IRQHandler
                0x080030a4                TIM1_CC_IRQHandler
                0x080030a4                BDMA_Channel6_IRQHandler
                0x080030a4                DMA2_Stream5_IRQHandler
                0x080030a4                DMA1_Stream5_IRQHandler
                0x080030a4                CORDIC_IRQHandler
                0x080030a4                BDMA_Channel1_IRQHandler
                0x080030a4                TAMP_STAMP_IRQHandler
                0x080030a4                EXTI3_IRQHandler
                0x080030a4                LPTIM4_IRQHandler
                0x080030a4                TIM8_TRG_COM_TIM14_IRQHandler
                0x080030a4                LPTIM2_IRQHandler
                0x080030a4                DFSDM1_FLT1_IRQHandler
                0x080030a4                DMAMUX2_OVR_IRQHandler
                0x080030a4                TIM8_UP_TIM13_IRQHandler
                0x080030a4                I2C3_ER_IRQHandler
                0x080030a4                DFSDM1_FLT2_IRQHandler
                0x080030a4                I2C5_EV_IRQHandler
                0x080030a4                USART10_IRQHandler
                0x080030a4                MDMA_IRQHandler
                0x080030a4                LPTIM3_IRQHandler
                0x080030a4                HSEM1_IRQHandler
                0x080030a4                EXTI0_IRQHandler
                0x080030a4                I2C2_EV_IRQHandler
                0x080030a4                DMA1_Stream2_IRQHandler
                0x080030a4                FPU_IRQHandler
                0x080030a4                OTG_HS_WKUP_IRQHandler
                0x080030a4                FDCAN1_IT1_IRQHandler
                0x080030a4                LTDC_ER_IRQHandler
                0x080030a4                DMA2_Stream2_IRQHandler
                0x080030a4                SPI1_IRQHandler
                0x080030a4                OCTOSPI1_IRQHandler
                0x080030a4                TIM6_DAC_IRQHandler
                0x080030a4                DMA2_Stream3_IRQHandler
                0x080030a4                OCTOSPI2_IRQHandler
                0x080030a4                DFSDM1_FLT3_IRQHandler
                0x080030a4                TIM23_IRQHandler
                0x080030a4                USART6_IRQHandler
                0x080030a4                TIM17_IRQHandler
                0x080030a4                USART3_IRQHandler
                0x080030a4                BDMA_Channel7_IRQHandler
                0x080030a4                LPTIM5_IRQHandler
                0x080030a4                UART5_IRQHandler
                0x080030a4                ADC3_IRQHandler
                0x080030a4                DMA2_Stream0_IRQHandler
                0x080030a4                TIM4_IRQHandler
                0x080030a4                BDMA_Channel2_IRQHandler
                0x080030a4                I2C1_EV_IRQHandler
                0x080030a4                DMA1_Stream6_IRQHandler
                0x080030a4                DMAMUX1_OVR_IRQHandler
                0x080030a4                DMA1_Stream1_IRQHandler
                0x080030a4                TIM16_IRQHandler
                0x080030a4                UART4_IRQHandler
                0x080030a4                BDMA_Channel5_IRQHandler
                0x080030a4                TIM3_IRQHandler
                0x080030a4                RCC_IRQHandler
                0x080030a4                UART9_IRQHandler
                0x080030a4                TIM8_BRK_TIM12_IRQHandler
                0x080030a4                TIM1_TRG_COM_IRQHandler
                0x080030a4                Default_Handler
                0x080030a4                ECC_IRQHandler
                0x080030a4                FMAC_IRQHandler
                0x080030a4                CEC_IRQHandler
                0x080030a4                EXTI15_10_IRQHandler
                0x080030a4                BDMA_Channel0_IRQHandler
                0x080030a4                ADC_IRQHandler
                0x080030a4                I2C5_ER_IRQHandler
                0x080030a4                DMA1_Stream7_IRQHandler
                0x080030a4                SPI5_IRQHandler
                0x080030a4                TIM7_IRQHandler
                0x080030a4                FDCAN3_IT1_IRQHandler
                0x080030a4                SDMMC1_IRQHandler
                0x080030a4                TIM5_IRQHandler
                0x080030a4                DMA2_Stream7_IRQHandler
                0x080030a4                TIM15_IRQHandler
                0x080030a4                PVD_AVD_IRQHandler
                0x080030a4                I2C3_EV_IRQHandler
                0x080030a4                EXTI9_5_IRQHandler
                0x080030a4                RTC_WKUP_IRQHandler
                0x080030a4                LTDC_IRQHandler
                0x080030a4                ETH_WKUP_IRQHandler
                0x080030a4                SPDIF_RX_IRQHandler
                0x080030a4                OTG_HS_EP1_IN_IRQHandler
                0x080030a4                DMA1_Stream0_IRQHandler
                0x080030a4                TIM24_IRQHandler
                0x080030a4                CRS_IRQHandler
                0x080030a4                EXTI4_IRQHandler
                0x080030a4                RNG_IRQHandler
                0x080030a4                FDCAN2_IT1_IRQHandler
                0x080030a4                ETH_IRQHandler
                0x080030a4                TIM1_UP_IRQHandler
                0x080030a4                BDMA_Channel4_IRQHandler
                0x080030a4                OTG_HS_EP1_OUT_IRQHandler
                0x080030a4                WWDG_IRQHandler
                0x080030a4                SPI6_IRQHandler
                0x080030a4                MDIOS_IRQHandler
                0x080030a4                I2C4_EV_IRQHandler
                0x080030a4                FDCAN2_IT0_IRQHandler
                0x080030a4                LPUART1_IRQHandler
                0x080030a4                FDCAN1_IT0_IRQHandler
                0x080030a4                TIM2_IRQHandler
                0x080030a4                OTG_HS_IRQHandler
                0x080030a4                DMA2D_IRQHandler
                0x080030a4                TIM1_BRK_IRQHandler
                0x080030a4                EXTI1_IRQHandler
                0x080030a4                SDMMC2_IRQHandler
                0x080030a4                BDMA_Channel3_IRQHandler
                0x080030a4                DTS_IRQHandler
                0x080030a4                UART7_IRQHandler
                0x080030a4                MDIOS_WKUP_IRQHandler
                0x080030a4                USART2_IRQHandler
                0x080030a4                DFSDM1_FLT0_IRQHandler
                0x080030a4                SAI4_IRQHandler
                0x080030a4                I2C2_ER_IRQHandler
                0x080030a4                DMA2_Stream1_IRQHandler
                0x080030a4                FLASH_IRQHandler
                0x080030a4                DMA2_Stream4_IRQHandler
                0x080030a4                USART1_IRQHandler
                0x080030a4                SPI3_IRQHandler
                0x080030a4                WAKEUP_PIN_IRQHandler
                0x080030a4                I2C1_ER_IRQHandler
                0x080030a4                FMC_IRQHandler
                0x080030a4                FDCAN_CAL_IRQHandler
                0x080030a4                SWPMI1_IRQHandler
                0x080030a4                COMP1_IRQHandler
                0x080030a4                LPTIM1_IRQHandler
                0x080030a4                DCMI_PSSI_IRQHandler
                0x080030a4                I2C4_ER_IRQHandler
                0x080030a4                DMA2_Stream6_IRQHandler
                0x080030a4                SAI1_IRQHandler
 *fill*         0x080030a6        0x2 
 .text.HAL_Init
                0x080030a8       0x78 ./Drivers/STM32H7xx_HAL_Driver/Src/stm32h7xx_hal.o
                0x080030a8                HAL_Init
 .text.HAL_InitTick
                0x08003120       0x6c ./Drivers/STM32H7xx_HAL_Driver/Src/stm32h7xx_hal.o
                0x08003120                HAL_InitTick
 .text.HAL_IncTick
                0x0800318c       0x28 ./Drivers/STM32H7xx_HAL_Driver/Src/stm32h7xx_hal.o
                0x0800318c                HAL_IncTick
 .text.HAL_GetTick
                0x080031b4       0x18 ./Drivers/STM32H7xx_HAL_Driver/Src/stm32h7xx_hal.o
                0x080031b4                HAL_GetTick
 .text.HAL_Delay
                0x080031cc       0x48 ./Drivers/STM32H7xx_HAL_Driver/Src/stm32h7xx_hal.o
                0x080031cc                HAL_Delay
 .text.__NVIC_SetPriorityGrouping
                0x08003214       0x48 ./Drivers/STM32H7xx_HAL_Driver/Src/stm32h7xx_hal_cortex.o
 .text.__NVIC_GetPriorityGrouping
                0x0800325c       0x1c ./Drivers/STM32H7xx_HAL_Driver/Src/stm32h7xx_hal_cortex.o
 .text.__NVIC_EnableIRQ
                0x08003278       0x3c ./Drivers/STM32H7xx_HAL_Driver/Src/stm32h7xx_hal_cortex.o
 .text.__NVIC_SetPriority
                0x080032b4       0x54 ./Drivers/STM32H7xx_HAL_Driver/Src/stm32h7xx_hal_cortex.o
 .text.NVIC_EncodePriority
                0x08003308       0x66 ./Drivers/STM32H7xx_HAL_Driver/Src/stm32h7xx_hal_cortex.o
 *fill*         0x0800336e        0x2 
 .text.SysTick_Config
                0x08003370       0x44 ./Drivers/STM32H7xx_HAL_Driver/Src/stm32h7xx_hal_cortex.o
 .text.HAL_NVIC_SetPriorityGrouping
                0x080033b4       0x16 ./Drivers/STM32H7xx_HAL_Driver/Src/stm32h7xx_hal_cortex.o
                0x080033b4                HAL_NVIC_SetPriorityGrouping
 .text.HAL_NVIC_SetPriority
                0x080033ca       0x34 ./Drivers/STM32H7xx_HAL_Driver/Src/stm32h7xx_hal_cortex.o
                0x080033ca                HAL_NVIC_SetPriority
 .text.HAL_NVIC_EnableIRQ
                0x080033fe       0x1c ./Drivers/STM32H7xx_HAL_Driver/Src/stm32h7xx_hal_cortex.o
                0x080033fe                HAL_NVIC_EnableIRQ
 .text.HAL_SYSTICK_Config
                0x0800341a       0x18 ./Drivers/STM32H7xx_HAL_Driver/Src/stm32h7xx_hal_cortex.o
                0x0800341a                HAL_SYSTICK_Config
 *fill*         0x08003432        0x2 
 .text.HAL_MPU_Disable
                0x08003434       0x30 ./Drivers/STM32H7xx_HAL_Driver/Src/stm32h7xx_hal_cortex.o
                0x08003434                HAL_MPU_Disable
 .text.HAL_MPU_Enable
                0x08003464       0x40 ./Drivers/STM32H7xx_HAL_Driver/Src/stm32h7xx_hal_cortex.o
                0x08003464                HAL_MPU_Enable
 .text.HAL_MPU_ConfigRegion
                0x080034a4       0x80 ./Drivers/STM32H7xx_HAL_Driver/Src/stm32h7xx_hal_cortex.o
                0x080034a4                HAL_MPU_ConfigRegion
 .text.HAL_DMA_Init
                0x08003524      0x6b0 ./Drivers/STM32H7xx_HAL_Driver/Src/stm32h7xx_hal_dma.o
                0x08003524                HAL_DMA_Init
 .text.HAL_DMA_Start_IT
                0x08003bd4      0x4d4 ./Drivers/STM32H7xx_HAL_Driver/Src/stm32h7xx_hal_dma.o
                0x08003bd4                HAL_DMA_Start_IT
 .text.HAL_DMA_Abort
                0x080040a8      0x63c ./Drivers/STM32H7xx_HAL_Driver/Src/stm32h7xx_hal_dma.o
                0x080040a8                HAL_DMA_Abort
 .text.HAL_DMA_Abort_IT
                0x080046e4      0x48c ./Drivers/STM32H7xx_HAL_Driver/Src/stm32h7xx_hal_dma.o
                0x080046e4                HAL_DMA_Abort_IT
 .text.HAL_DMA_IRQHandler
                0x08004b70      0xe54 ./Drivers/STM32H7xx_HAL_Driver/Src/stm32h7xx_hal_dma.o
                0x08004b70                HAL_DMA_IRQHandler
 .text.HAL_DMA_GetError
                0x080059c4       0x18 ./Drivers/STM32H7xx_HAL_Driver/Src/stm32h7xx_hal_dma.o
                0x080059c4                HAL_DMA_GetError
 .text.DMA_SetConfig
                0x080059dc      0x358 ./Drivers/STM32H7xx_HAL_Driver/Src/stm32h7xx_hal_dma.o
 .text.DMA_CalcBaseAndBitshift
                0x08005d34      0x164 ./Drivers/STM32H7xx_HAL_Driver/Src/stm32h7xx_hal_dma.o
 .text.DMA_CheckFifoParam
                0x08005e98       0xf8 ./Drivers/STM32H7xx_HAL_Driver/Src/stm32h7xx_hal_dma.o
 .text.DMA_CalcDMAMUXChannelBaseAndMask
                0x08005f90      0x134 ./Drivers/STM32H7xx_HAL_Driver/Src/stm32h7xx_hal_dma.o
 .text.DMA_CalcDMAMUXRequestGenBaseAndMask
                0x080060c4       0xe8 ./Drivers/STM32H7xx_HAL_Driver/Src/stm32h7xx_hal_dma.o
 .text.HAL_GPIO_Init
                0x080061ac      0x350 ./Drivers/STM32H7xx_HAL_Driver/Src/stm32h7xx_hal_gpio.o
                0x080061ac                HAL_GPIO_Init
 .text.HAL_GPIO_WritePin
                0x080064fc       0x32 ./Drivers/STM32H7xx_HAL_Driver/Src/stm32h7xx_hal_gpio.o
                0x080064fc                HAL_GPIO_WritePin
 .text.HAL_GPIO_TogglePin
                0x0800652e       0x34 ./Drivers/STM32H7xx_HAL_Driver/Src/stm32h7xx_hal_gpio.o
                0x0800652e                HAL_GPIO_TogglePin
 *fill*         0x08006562        0x2 
 .text.HAL_PWREx_ConfigSupply
                0x08006564       0x74 ./Drivers/STM32H7xx_HAL_Driver/Src/stm32h7xx_hal_pwr_ex.o
                0x08006564                HAL_PWREx_ConfigSupply
 .text.HAL_RCC_OscConfig
                0x080065d8      0x7b4 ./Drivers/STM32H7xx_HAL_Driver/Src/stm32h7xx_hal_rcc.o
                0x080065d8                HAL_RCC_OscConfig
 .text.HAL_RCC_ClockConfig
                0x08006d8c      0x36c ./Drivers/STM32H7xx_HAL_Driver/Src/stm32h7xx_hal_rcc.o
                0x08006d8c                HAL_RCC_ClockConfig
 .text.HAL_RCC_GetSysClockFreq
                0x080070f8      0x2f4 ./Drivers/STM32H7xx_HAL_Driver/Src/stm32h7xx_hal_rcc.o
                0x080070f8                HAL_RCC_GetSysClockFreq
 .text.HAL_RCC_GetHCLKFreq
                0x080073ec       0x60 ./Drivers/STM32H7xx_HAL_Driver/Src/stm32h7xx_hal_rcc.o
                0x080073ec                HAL_RCC_GetHCLKFreq
 .text.HAL_RCC_GetPCLK1Freq
                0x0800744c       0x2c ./Drivers/STM32H7xx_HAL_Driver/Src/stm32h7xx_hal_rcc.o
                0x0800744c                HAL_RCC_GetPCLK1Freq
 .text.HAL_RCC_GetPCLK2Freq
                0x08007478       0x2c ./Drivers/STM32H7xx_HAL_Driver/Src/stm32h7xx_hal_rcc.o
                0x08007478                HAL_RCC_GetPCLK2Freq
 .text.HAL_RCCEx_PeriphCLKConfig
                0x080074a4     0x1340 ./Drivers/STM32H7xx_HAL_Driver/Src/stm32h7xx_hal_rcc_ex.o
                0x080074a4                HAL_RCCEx_PeriphCLKConfig
 .text.HAL_RCCEx_GetD3PCLK1Freq
                0x080087e4       0x2c ./Drivers/STM32H7xx_HAL_Driver/Src/stm32h7xx_hal_rcc_ex.o
                0x080087e4                HAL_RCCEx_GetD3PCLK1Freq
 .text.HAL_RCCEx_GetPLL2ClockFreq
                0x08008810      0x2a8 ./Drivers/STM32H7xx_HAL_Driver/Src/stm32h7xx_hal_rcc_ex.o
                0x08008810                HAL_RCCEx_GetPLL2ClockFreq
 .text.HAL_RCCEx_GetPLL3ClockFreq
                0x08008ab8      0x2a8 ./Drivers/STM32H7xx_HAL_Driver/Src/stm32h7xx_hal_rcc_ex.o
                0x08008ab8                HAL_RCCEx_GetPLL3ClockFreq
 .text.RCCEx_PLL2_Config
                0x08008d60      0x164 ./Drivers/STM32H7xx_HAL_Driver/Src/stm32h7xx_hal_rcc_ex.o
 .text.RCCEx_PLL3_Config
                0x08008ec4      0x164 ./Drivers/STM32H7xx_HAL_Driver/Src/stm32h7xx_hal_rcc_ex.o
 .text.HAL_SPI_Init
                0x08009028      0x248 ./Drivers/STM32H7xx_HAL_Driver/Src/stm32h7xx_hal_spi.o
                0x08009028                HAL_SPI_Init
 .text.HAL_SPI_Transmit
                0x08009270      0x3dc ./Drivers/STM32H7xx_HAL_Driver/Src/stm32h7xx_hal_spi.o
                0x08009270                HAL_SPI_Transmit
 .text.HAL_SPI_Receive
                0x0800964c      0x4e4 ./Drivers/STM32H7xx_HAL_Driver/Src/stm32h7xx_hal_spi.o
                0x0800964c                HAL_SPI_Receive
 .text.HAL_SPI_Transmit_DMA
                0x08009b30      0x284 ./Drivers/STM32H7xx_HAL_Driver/Src/stm32h7xx_hal_spi.o
                0x08009b30                HAL_SPI_Transmit_DMA
 .text.HAL_SPI_TransmitReceive_DMA
                0x08009db4      0x370 ./Drivers/STM32H7xx_HAL_Driver/Src/stm32h7xx_hal_spi.o
                0x08009db4                HAL_SPI_TransmitReceive_DMA
 .text.HAL_SPI_IRQHandler
                0x0800a124      0x39c ./Drivers/STM32H7xx_HAL_Driver/Src/stm32h7xx_hal_spi.o
                0x0800a124                HAL_SPI_IRQHandler
 .text.HAL_SPI_RxCpltCallback
                0x0800a4c0       0x14 ./Drivers/STM32H7xx_HAL_Driver/Src/stm32h7xx_hal_spi.o
                0x0800a4c0                HAL_SPI_RxCpltCallback
 .text.HAL_SPI_TxHalfCpltCallback
                0x0800a4d4       0x14 ./Drivers/STM32H7xx_HAL_Driver/Src/stm32h7xx_hal_spi.o
                0x0800a4d4                HAL_SPI_TxHalfCpltCallback
 .text.HAL_SPI_TxRxHalfCpltCallback
                0x0800a4e8       0x14 ./Drivers/STM32H7xx_HAL_Driver/Src/stm32h7xx_hal_spi.o
                0x0800a4e8                HAL_SPI_TxRxHalfCpltCallback
 .text.HAL_SPI_ErrorCallback
                0x0800a4fc       0x14 ./Drivers/STM32H7xx_HAL_Driver/Src/stm32h7xx_hal_spi.o
                0x0800a4fc                HAL_SPI_ErrorCallback
 .text.HAL_SPI_SuspendCallback
                0x0800a510       0x14 ./Drivers/STM32H7xx_HAL_Driver/Src/stm32h7xx_hal_spi.o
                0x0800a510                HAL_SPI_SuspendCallback
 .text.SPI_DMATransmitCplt
                0x0800a524       0x46 ./Drivers/STM32H7xx_HAL_Driver/Src/stm32h7xx_hal_spi.o
 .text.SPI_DMATransmitReceiveCplt
                0x0800a56a       0x46 ./Drivers/STM32H7xx_HAL_Driver/Src/stm32h7xx_hal_spi.o
 .text.SPI_DMAHalfTransmitCplt
                0x0800a5b0       0x1c ./Drivers/STM32H7xx_HAL_Driver/Src/stm32h7xx_hal_spi.o
 .text.SPI_DMAHalfTransmitReceiveCplt
                0x0800a5cc       0x1c ./Drivers/STM32H7xx_HAL_Driver/Src/stm32h7xx_hal_spi.o
 .text.SPI_DMAError
                0x0800a5e8       0x46 ./Drivers/STM32H7xx_HAL_Driver/Src/stm32h7xx_hal_spi.o
 .text.SPI_DMAAbortOnError
                0x0800a62e       0x34 ./Drivers/STM32H7xx_HAL_Driver/Src/stm32h7xx_hal_spi.o
 *fill*         0x0800a662        0x2 
 .text.SPI_CloseTransfer
                0x0800a664      0x140 ./Drivers/STM32H7xx_HAL_Driver/Src/stm32h7xx_hal_spi.o
 .text.SPI_WaitOnFlagUntilTimeout
                0x0800a7a4       0x5c ./Drivers/STM32H7xx_HAL_Driver/Src/stm32h7xx_hal_spi.o
 .text.SPI_GetPacketSize
                0x0800a800       0x36 ./Drivers/STM32H7xx_HAL_Driver/Src/stm32h7xx_hal_spi.o
 .text.HAL_UART_Init
                0x0800a836       0xa0 ./Drivers/STM32H7xx_HAL_Driver/Src/stm32h7xx_hal_uart.o
                0x0800a836                HAL_UART_Init
 .text.HAL_UART_Transmit
                0x0800a8d6      0x11c ./Drivers/STM32H7xx_HAL_Driver/Src/stm32h7xx_hal_uart.o
                0x0800a8d6                HAL_UART_Transmit
 *fill*         0x0800a9f2        0x2 
 .text.UART_SetConfig
                0x0800a9f4      0xcd8 ./Drivers/STM32H7xx_HAL_Driver/Src/stm32h7xx_hal_uart.o
                0x0800a9f4                UART_SetConfig
 .text.UART_AdvFeatureConfig
                0x0800b6cc      0x144 ./Drivers/STM32H7xx_HAL_Driver/Src/stm32h7xx_hal_uart.o
                0x0800b6cc                UART_AdvFeatureConfig
 .text.UART_CheckIdleState
                0x0800b810      0x154 ./Drivers/STM32H7xx_HAL_Driver/Src/stm32h7xx_hal_uart.o
                0x0800b810                UART_CheckIdleState
 .text.UART_WaitOnFlagUntilTimeout
                0x0800b964       0xda ./Drivers/STM32H7xx_HAL_Driver/Src/stm32h7xx_hal_uart.o
                0x0800b964                UART_WaitOnFlagUntilTimeout
 *fill*         0x0800ba3e        0x2 
 .text.UART_EndRxTransfer
                0x0800ba40       0xcc ./Drivers/STM32H7xx_HAL_Driver/Src/stm32h7xx_hal_uart.o
 .text.HAL_UARTEx_DisableFifoMode
                0x0800bb0c       0x72 ./Drivers/STM32H7xx_HAL_Driver/Src/stm32h7xx_hal_uart_ex.o
                0x0800bb0c                HAL_UARTEx_DisableFifoMode
 .text.HAL_UARTEx_SetTxFifoThreshold
                0x0800bb7e       0x7c ./Drivers/STM32H7xx_HAL_Driver/Src/stm32h7xx_hal_uart_ex.o
                0x0800bb7e                HAL_UARTEx_SetTxFifoThreshold
 .text.HAL_UARTEx_SetRxFifoThreshold
                0x0800bbfa       0x7c ./Drivers/STM32H7xx_HAL_Driver/Src/stm32h7xx_hal_uart_ex.o
                0x0800bbfa                HAL_UARTEx_SetRxFifoThreshold
 *fill*         0x0800bc76        0x2 
 .text.UARTEx_SetNbDataToProcess
                0x0800bc78       0x9c ./Drivers/STM32H7xx_HAL_Driver/Src/stm32h7xx_hal_uart_ex.o
 .text.__cvt    0x0800bd14       0xa8 /opt/st/stm32cubeide_1.17.0/plugins/com.st.stm32cube.ide.mcu.externaltools.gnu-tools-for-stm32.13.3.rel1.linux64_1.0.0.202410170706/tools/bin/../lib/gcc/arm-none-eabi/13.3.1/../../../../arm-none-eabi/lib/thumb/v7e-m+dp/hard/libc_nano.a(libc_a-nano-vfprintf_float.o)
                0x0800bd14                __cvt
 .text.__exponent
                0x0800bdbc       0x74 /opt/st/stm32cubeide_1.17.0/plugins/com.st.stm32cube.ide.mcu.externaltools.gnu-tools-for-stm32.13.3.rel1.linux64_1.0.0.202410170706/tools/bin/../lib/gcc/arm-none-eabi/13.3.1/../../../../arm-none-eabi/lib/thumb/v7e-m+dp/hard/libc_nano.a(libc_a-nano-vfprintf_float.o)
                0x0800bdbc                __exponent
 .text._printf_float
                0x0800be30      0x434 /opt/st/stm32cubeide_1.17.0/plugins/com.st.stm32cube.ide.mcu.externaltools.gnu-tools-for-stm32.13.3.rel1.linux64_1.0.0.202410170706/tools/bin/../lib/gcc/arm-none-eabi/13.3.1/../../../../arm-none-eabi/lib/thumb/v7e-m+dp/hard/libc_nano.a(libc_a-nano-vfprintf_float.o)
                0x0800be30                _printf_float
 .text._printf_common
                0x0800c264       0xda /opt/st/stm32cubeide_1.17.0/plugins/com.st.stm32cube.ide.mcu.externaltools.gnu-tools-for-stm32.13.3.rel1.linux64_1.0.0.202410170706/tools/bin/../lib/gcc/arm-none-eabi/13.3.1/../../../../arm-none-eabi/lib/thumb/v7e-m+dp/hard/libc_nano.a(libc_a-nano-vfprintf_i.o)
                0x0800c264                _printf_common
 *fill*         0x0800c33e        0x2 
 .text._printf_i
                0x0800c340      0x23c /opt/st/stm32cubeide_1.17.0/plugins/com.st.stm32cube.ide.mcu.externaltools.gnu-tools-for-stm32.13.3.rel1.linux64_1.0.0.202410170706/tools/bin/../lib/gcc/arm-none-eabi/13.3.1/../../../../arm-none-eabi/lib/thumb/v7e-m+dp/hard/libc_nano.a(libc_a-nano-vfprintf_i.o)
                0x0800c340                _printf_i
 .text.std      0x0800c57c       0x6c /opt/st/stm32cubeide_1.17.0/plugins/com.st.stm32cube.ide.mcu.externaltools.gnu-tools-for-stm32.13.3.rel1.linux64_1.0.0.202410170706/tools/bin/../lib/gcc/arm-none-eabi/13.3.1/../../../../arm-none-eabi/lib/thumb/v7e-m+dp/hard/libc_nano.a(libc_a-findfp.o)
 .text.stdio_exit_handler
                0x0800c5e8       0x18 /opt/st/stm32cubeide_1.17.0/plugins/com.st.stm32cube.ide.mcu.externaltools.gnu-tools-for-stm32.13.3.rel1.linux64_1.0.0.202410170706/tools/bin/../lib/gcc/arm-none-eabi/13.3.1/../../../../arm-none-eabi/lib/thumb/v7e-m+dp/hard/libc_nano.a(libc_a-findfp.o)
 .text.cleanup_stdio
                0x0800c600       0x40 /opt/st/stm32cubeide_1.17.0/plugins/com.st.stm32cube.ide.mcu.externaltools.gnu-tools-for-stm32.13.3.rel1.linux64_1.0.0.202410170706/tools/bin/../lib/gcc/arm-none-eabi/13.3.1/../../../../arm-none-eabi/lib/thumb/v7e-m+dp/hard/libc_nano.a(libc_a-findfp.o)
 .text.global_stdio_init.part.0
                0x0800c640       0x3c /opt/st/stm32cubeide_1.17.0/plugins/com.st.stm32cube.ide.mcu.externaltools.gnu-tools-for-stm32.13.3.rel1.linux64_1.0.0.202410170706/tools/bin/../lib/gcc/arm-none-eabi/13.3.1/../../../../arm-none-eabi/lib/thumb/v7e-m+dp/hard/libc_nano.a(libc_a-findfp.o)
 .text.__sfp_lock_acquire
                0x0800c67c        0xc /opt/st/stm32cubeide_1.17.0/plugins/com.st.stm32cube.ide.mcu.externaltools.gnu-tools-for-stm32.13.3.rel1.linux64_1.0.0.202410170706/tools/bin/../lib/gcc/arm-none-eabi/13.3.1/../../../../arm-none-eabi/lib/thumb/v7e-m+dp/hard/libc_nano.a(libc_a-findfp.o)
                0x0800c67c                __sfp_lock_acquire
 .text.__sfp_lock_release
                0x0800c688        0xc /opt/st/stm32cubeide_1.17.0/plugins/com.st.stm32cube.ide.mcu.externaltools.gnu-tools-for-stm32.13.3.rel1.linux64_1.0.0.202410170706/tools/bin/../lib/gcc/arm-none-eabi/13.3.1/../../../../arm-none-eabi/lib/thumb/v7e-m+dp/hard/libc_nano.a(libc_a-findfp.o)
                0x0800c688                __sfp_lock_release
 .text.__sinit  0x0800c694       0x30 /opt/st/stm32cubeide_1.17.0/plugins/com.st.stm32cube.ide.mcu.externaltools.gnu-tools-for-stm32.13.3.rel1.linux64_1.0.0.202410170706/tools/bin/../lib/gcc/arm-none-eabi/13.3.1/../../../../arm-none-eabi/lib/thumb/v7e-m+dp/hard/libc_nano.a(libc_a-findfp.o)
                0x0800c694                __sinit
 .text._fwalk_sglue
                0x0800c6c4       0x3c /opt/st/stm32cubeide_1.17.0/plugins/com.st.stm32cube.ide.mcu.externaltools.gnu-tools-for-stm32.13.3.rel1.linux64_1.0.0.202410170706/tools/bin/../lib/gcc/arm-none-eabi/13.3.1/../../../../arm-none-eabi/lib/thumb/v7e-m+dp/hard/libc_nano.a(libc_a-fwalk.o)
                0x0800c6c4                _fwalk_sglue
 .text.snprintf
                0x0800c700       0x6c /opt/st/stm32cubeide_1.17.0/plugins/com.st.stm32cube.ide.mcu.externaltools.gnu-tools-for-stm32.13.3.rel1.linux64_1.0.0.202410170706/tools/bin/../lib/gcc/arm-none-eabi/13.3.1/../../../../arm-none-eabi/lib/thumb/v7e-m+dp/hard/libc_nano.a(libc_a-snprintf.o)
                0x0800c700                snprintf
                0x0800c700                sniprintf
 .text.__sread  0x0800c76c       0x22 /opt/st/stm32cubeide_1.17.0/plugins/com.st.stm32cube.ide.mcu.externaltools.gnu-tools-for-stm32.13.3.rel1.linux64_1.0.0.202410170706/tools/bin/../lib/gcc/arm-none-eabi/13.3.1/../../../../arm-none-eabi/lib/thumb/v7e-m+dp/hard/libc_nano.a(libc_a-stdio.o)
                0x0800c76c                __sread
 .text.__swrite
                0x0800c78e       0x38 /opt/st/stm32cubeide_1.17.0/plugins/com.st.stm32cube.ide.mcu.externaltools.gnu-tools-for-stm32.13.3.rel1.linux64_1.0.0.202410170706/tools/bin/../lib/gcc/arm-none-eabi/13.3.1/../../../../arm-none-eabi/lib/thumb/v7e-m+dp/hard/libc_nano.a(libc_a-stdio.o)
                0x0800c78e                __swrite
 .text.__sseek  0x0800c7c6       0x24 /opt/st/stm32cubeide_1.17.0/plugins/com.st.stm32cube.ide.mcu.externaltools.gnu-tools-for-stm32.13.3.rel1.linux64_1.0.0.202410170706/tools/bin/../lib/gcc/arm-none-eabi/13.3.1/../../../../arm-none-eabi/lib/thumb/v7e-m+dp/hard/libc_nano.a(libc_a-stdio.o)
                0x0800c7c6                __sseek
 .text.__sclose
                0x0800c7ea        0x8 /opt/st/stm32cubeide_1.17.0/plugins/com.st.stm32cube.ide.mcu.externaltools.gnu-tools-for-stm32.13.3.rel1.linux64_1.0.0.202410170706/tools/bin/../lib/gcc/arm-none-eabi/13.3.1/../../../../arm-none-eabi/lib/thumb/v7e-m+dp/hard/libc_nano.a(libc_a-stdio.o)
                0x0800c7ea                __sclose
 .text.memset   0x0800c7f2       0x10 /opt/st/stm32cubeide_1.17.0/plugins/com.st.stm32cube.ide.mcu.externaltools.gnu-tools-for-stm32.13.3.rel1.linux64_1.0.0.202410170706/tools/bin/../lib/gcc/arm-none-eabi/13.3.1/../../../../arm-none-eabi/lib/thumb/v7e-m+dp/hard/libc_nano.a(libc_a-memset.o)
                0x0800c7f2                memset
 *fill*         0x0800c802        0x2 
 .text._localeconv_r
                0x0800c804        0x8 /opt/st/stm32cubeide_1.17.0/plugins/com.st.stm32cube.ide.mcu.externaltools.gnu-tools-for-stm32.13.3.rel1.linux64_1.0.0.202410170706/tools/bin/../lib/gcc/arm-none-eabi/13.3.1/../../../../arm-none-eabi/lib/thumb/v7e-m+dp/hard/libc_nano.a(libc_a-localeconv.o)
                0x0800c804                _localeconv_r
 .text._close_r
                0x0800c80c       0x20 /opt/st/stm32cubeide_1.17.0/plugins/com.st.stm32cube.ide.mcu.externaltools.gnu-tools-for-stm32.13.3.rel1.linux64_1.0.0.202410170706/tools/bin/../lib/gcc/arm-none-eabi/13.3.1/../../../../arm-none-eabi/lib/thumb/v7e-m+dp/hard/libc_nano.a(libc_a-closer.o)
                0x0800c80c                _close_r
 .text._lseek_r
                0x0800c82c       0x24 /opt/st/stm32cubeide_1.17.0/plugins/com.st.stm32cube.ide.mcu.externaltools.gnu-tools-for-stm32.13.3.rel1.linux64_1.0.0.202410170706/tools/bin/../lib/gcc/arm-none-eabi/13.3.1/../../../../arm-none-eabi/lib/thumb/v7e-m+dp/hard/libc_nano.a(libc_a-lseekr.o)
                0x0800c82c                _lseek_r
 .text._read_r  0x0800c850       0x24 /opt/st/stm32cubeide_1.17.0/plugins/com.st.stm32cube.ide.mcu.externaltools.gnu-tools-for-stm32.13.3.rel1.linux64_1.0.0.202410170706/tools/bin/../lib/gcc/arm-none-eabi/13.3.1/../../../../arm-none-eabi/lib/thumb/v7e-m+dp/hard/libc_nano.a(libc_a-readr.o)
                0x0800c850                _read_r
 .text._write_r
                0x0800c874       0x24 /opt/st/stm32cubeide_1.17.0/plugins/com.st.stm32cube.ide.mcu.externaltools.gnu-tools-for-stm32.13.3.rel1.linux64_1.0.0.202410170706/tools/bin/../lib/gcc/arm-none-eabi/13.3.1/../../../../arm-none-eabi/lib/thumb/v7e-m+dp/hard/libc_nano.a(libc_a-writer.o)
                0x0800c874                _write_r
 .text.__errno  0x0800c898        0xc /opt/st/stm32cubeide_1.17.0/plugins/com.st.stm32cube.ide.mcu.externaltools.gnu-tools-for-stm32.13.3.rel1.linux64_1.0.0.202410170706/tools/bin/../lib/gcc/arm-none-eabi/13.3.1/../../../../arm-none-eabi/lib/thumb/v7e-m+dp/hard/libc_nano.a(libc_a-errno.o)
                0x0800c898                __errno
 .text.__libc_init_array
                0x0800c8a4       0x48 /opt/st/stm32cubeide_1.17.0/plugins/com.st.stm32cube.ide.mcu.externaltools.gnu-tools-for-stm32.13.3.rel1.linux64_1.0.0.202410170706/tools/bin/../lib/gcc/arm-none-eabi/13.3.1/../../../../arm-none-eabi/lib/thumb/v7e-m+dp/hard/libc_nano.a(libc_a-init.o)
                0x0800c8a4                __libc_init_array
 .text.__retarget_lock_init_recursive
                0x0800c8ec        0x2 /opt/st/stm32cubeide_1.17.0/plugins/com.st.stm32cube.ide.mcu.externaltools.gnu-tools-for-stm32.13.3.rel1.linux64_1.0.0.202410170706/tools/bin/../lib/gcc/arm-none-eabi/13.3.1/../../../../arm-none-eabi/lib/thumb/v7e-m+dp/hard/libc_nano.a(libc_a-lock.o)
                0x0800c8ec                __retarget_lock_init_recursive
 .text.__retarget_lock_acquire_recursive
                0x0800c8ee        0x2 /opt/st/stm32cubeide_1.17.0/plugins/com.st.stm32cube.ide.mcu.externaltools.gnu-tools-for-stm32.13.3.rel1.linux64_1.0.0.202410170706/tools/bin/../lib/gcc/arm-none-eabi/13.3.1/../../../../arm-none-eabi/lib/thumb/v7e-m+dp/hard/libc_nano.a(libc_a-lock.o)
                0x0800c8ee                __retarget_lock_acquire_recursive
 .text.__retarget_lock_release_recursive
                0x0800c8f0        0x2 /opt/st/stm32cubeide_1.17.0/plugins/com.st.stm32cube.ide.mcu.externaltools.gnu-tools-for-stm32.13.3.rel1.linux64_1.0.0.202410170706/tools/bin/../lib/gcc/arm-none-eabi/13.3.1/../../../../arm-none-eabi/lib/thumb/v7e-m+dp/hard/libc_nano.a(libc_a-lock.o)
                0x0800c8f0                __retarget_lock_release_recursive
 .text.memcpy   0x0800c8f2       0x1c /opt/st/stm32cubeide_1.17.0/plugins/com.st.stm32cube.ide.mcu.externaltools.gnu-tools-for-stm32.13.3.rel1.linux64_1.0.0.202410170706/tools/bin/../lib/gcc/arm-none-eabi/13.3.1/../../../../arm-none-eabi/lib/thumb/v7e-m+dp/hard/libc_nano.a(libc_a-memcpy-stub.o)
                0x0800c8f2                memcpy
 .text.quorem   0x0800c90e      0x110 /opt/st/stm32cubeide_1.17.0/plugins/com.st.stm32cube.ide.mcu.externaltools.gnu-tools-for-stm32.13.3.rel1.linux64_1.0.0.202410170706/tools/bin/../lib/gcc/arm-none-eabi/13.3.1/../../../../arm-none-eabi/lib/thumb/v7e-m+dp/hard/libc_nano.a(libc_a-dtoa.o)
 *fill*         0x0800ca1e        0x2 
 .text._dtoa_r  0x0800ca20      0xabc /opt/st/stm32cubeide_1.17.0/plugins/com.st.stm32cube.ide.mcu.externaltools.gnu-tools-for-stm32.13.3.rel1.linux64_1.0.0.202410170706/tools/bin/../lib/gcc/arm-none-eabi/13.3.1/../../../../arm-none-eabi/lib/thumb/v7e-m+dp/hard/libc_nano.a(libc_a-dtoa.o)
                0x0800ca20                _dtoa_r
 .text._free_r  0x0800d4dc       0x94 /opt/st/stm32cubeide_1.17.0/plugins/com.st.stm32cube.ide.mcu.externaltools.gnu-tools-for-stm32.13.3.rel1.linux64_1.0.0.202410170706/tools/bin/../lib/gcc/arm-none-eabi/13.3.1/../../../../arm-none-eabi/lib/thumb/v7e-m+dp/hard/libc_nano.a(libc_a-freer.o)
                0x0800d4dc                _free_r
 .text.malloc   0x0800d570       0x10 /opt/st/stm32cubeide_1.17.0/plugins/com.st.stm32cube.ide.mcu.externaltools.gnu-tools-for-stm32.13.3.rel1.linux64_1.0.0.202410170706/tools/bin/../lib/gcc/arm-none-eabi/13.3.1/../../../../arm-none-eabi/lib/thumb/v7e-m+dp/hard/libc_nano.a(libc_a-malloc.o)
                0x0800d570                malloc
 .text.sbrk_aligned
                0x0800d580       0x44 /opt/st/stm32cubeide_1.17.0/plugins/com.st.stm32cube.ide.mcu.externaltools.gnu-tools-for-stm32.13.3.rel1.linux64_1.0.0.202410170706/tools/bin/../lib/gcc/arm-none-eabi/13.3.1/../../../../arm-none-eabi/lib/thumb/v7e-m+dp/hard/libc_nano.a(libc_a-mallocr.o)
 .text._malloc_r
                0x0800d5c4      0x100 /opt/st/stm32cubeide_1.17.0/plugins/com.st.stm32cube.ide.mcu.externaltools.gnu-tools-for-stm32.13.3.rel1.linux64_1.0.0.202410170706/tools/bin/../lib/gcc/arm-none-eabi/13.3.1/../../../../arm-none-eabi/lib/thumb/v7e-m+dp/hard/libc_nano.a(libc_a-mallocr.o)
                0x0800d5c4                _malloc_r
 .text.__malloc_lock
                0x0800d6c4        0xc /opt/st/stm32cubeide_1.17.0/plugins/com.st.stm32cube.ide.mcu.externaltools.gnu-tools-for-stm32.13.3.rel1.linux64_1.0.0.202410170706/tools/bin/../lib/gcc/arm-none-eabi/13.3.1/../../../../arm-none-eabi/lib/thumb/v7e-m+dp/hard/libc_nano.a(libc_a-mlock.o)
                0x0800d6c4                __malloc_lock
 .text.__malloc_unlock
                0x0800d6d0        0xc /opt/st/stm32cubeide_1.17.0/plugins/com.st.stm32cube.ide.mcu.externaltools.gnu-tools-for-stm32.13.3.rel1.linux64_1.0.0.202410170706/tools/bin/../lib/gcc/arm-none-eabi/13.3.1/../../../../arm-none-eabi/lib/thumb/v7e-m+dp/hard/libc_nano.a(libc_a-mlock.o)
                0x0800d6d0                __malloc_unlock
 .text._Balloc  0x0800d6dc       0x80 /opt/st/stm32cubeide_1.17.0/plugins/com.st.stm32cube.ide.mcu.externaltools.gnu-tools-for-stm32.13.3.rel1.linux64_1.0.0.202410170706/tools/bin/../lib/gcc/arm-none-eabi/13.3.1/../../../../arm-none-eabi/lib/thumb/v7e-m+dp/hard/libc_nano.a(libc_a-mprec.o)
                0x0800d6dc                _Balloc
 .text._Bfree   0x0800d75c       0x44 /opt/st/stm32cubeide_1.17.0/plugins/com.st.stm32cube.ide.mcu.externaltools.gnu-tools-for-stm32.13.3.rel1.linux64_1.0.0.202410170706/tools/bin/../lib/gcc/arm-none-eabi/13.3.1/../../../../arm-none-eabi/lib/thumb/v7e-m+dp/hard/libc_nano.a(libc_a-mprec.o)
                0x0800d75c                _Bfree
 .text.__multadd
                0x0800d7a0       0x8c /opt/st/stm32cubeide_1.17.0/plugins/com.st.stm32cube.ide.mcu.externaltools.gnu-tools-for-stm32.13.3.rel1.linux64_1.0.0.202410170706/tools/bin/../lib/gcc/arm-none-eabi/13.3.1/../../../../arm-none-eabi/lib/thumb/v7e-m+dp/hard/libc_nano.a(libc_a-mprec.o)
                0x0800d7a0                __multadd
 .text.__hi0bits
                0x0800d82c       0x3e /opt/st/stm32cubeide_1.17.0/plugins/com.st.stm32cube.ide.mcu.externaltools.gnu-tools-for-stm32.13.3.rel1.linux64_1.0.0.202410170706/tools/bin/../lib/gcc/arm-none-eabi/13.3.1/../../../../arm-none-eabi/lib/thumb/v7e-m+dp/hard/libc_nano.a(libc_a-mprec.o)
                0x0800d82c                __hi0bits
 .text.__lo0bits
                0x0800d86a       0x5a /opt/st/stm32cubeide_1.17.0/plugins/com.st.stm32cube.ide.mcu.externaltools.gnu-tools-for-stm32.13.3.rel1.linux64_1.0.0.202410170706/tools/bin/../lib/gcc/arm-none-eabi/13.3.1/../../../../arm-none-eabi/lib/thumb/v7e-m+dp/hard/libc_nano.a(libc_a-mprec.o)
                0x0800d86a                __lo0bits
 .text.__i2b    0x0800d8c4       0x2c /opt/st/stm32cubeide_1.17.0/plugins/com.st.stm32cube.ide.mcu.externaltools.gnu-tools-for-stm32.13.3.rel1.linux64_1.0.0.202410170706/tools/bin/../lib/gcc/arm-none-eabi/13.3.1/../../../../arm-none-eabi/lib/thumb/v7e-m+dp/hard/libc_nano.a(libc_a-mprec.o)
                0x0800d8c4                __i2b
 .text.__multiply
                0x0800d8f0      0x144 /opt/st/stm32cubeide_1.17.0/plugins/com.st.stm32cube.ide.mcu.externaltools.gnu-tools-for-stm32.13.3.rel1.linux64_1.0.0.202410170706/tools/bin/../lib/gcc/arm-none-eabi/13.3.1/../../../../arm-none-eabi/lib/thumb/v7e-m+dp/hard/libc_nano.a(libc_a-mprec.o)
                0x0800d8f0                __multiply
 .text.__pow5mult
                0x0800da34       0xb4 /opt/st/stm32cubeide_1.17.0/plugins/com.st.stm32cube.ide.mcu.externaltools.gnu-tools-for-stm32.13.3.rel1.linux64_1.0.0.202410170706/tools/bin/../lib/gcc/arm-none-eabi/13.3.1/../../../../arm-none-eabi/lib/thumb/v7e-m+dp/hard/libc_nano.a(libc_a-mprec.o)
                0x0800da34                __pow5mult
 .text.__lshift
                0x0800dae8       0xd8 /opt/st/stm32cubeide_1.17.0/plugins/com.st.stm32cube.ide.mcu.externaltools.gnu-tools-for-stm32.13.3.rel1.linux64_1.0.0.202410170706/tools/bin/../lib/gcc/arm-none-eabi/13.3.1/../../../../arm-none-eabi/lib/thumb/v7e-m+dp/hard/libc_nano.a(libc_a-mprec.o)
                0x0800dae8                __lshift
 .text.__mcmp   0x0800dbc0       0x36 /opt/st/stm32cubeide_1.17.0/plugins/com.st.stm32cube.ide.mcu.externaltools.gnu-tools-for-stm32.13.3.rel1.linux64_1.0.0.202410170706/tools/bin/../lib/gcc/arm-none-eabi/13.3.1/../../../../arm-none-eabi/lib/thumb/v7e-m+dp/hard/libc_nano.a(libc_a-mprec.o)
                0x0800dbc0                __mcmp
 *fill*         0x0800dbf6        0x2 
 .text.__mdiff  0x0800dbf8      0x128 /opt/st/stm32cubeide_1.17.0/plugins/com.st.stm32cube.ide.mcu.externaltools.gnu-tools-for-stm32.13.3.rel1.linux64_1.0.0.202410170706/tools/bin/../lib/gcc/arm-none-eabi/13.3.1/../../../../arm-none-eabi/lib/thumb/v7e-m+dp/hard/libc_nano.a(libc_a-mprec.o)
                0x0800dbf8                __mdiff
 .text.__d2b    0x0800dd20       0xb0 /opt/st/stm32cubeide_1.17.0/plugins/com.st.stm32cube.ide.mcu.externaltools.gnu-tools-for-stm32.13.3.rel1.linux64_1.0.0.202410170706/tools/bin/../lib/gcc/arm-none-eabi/13.3.1/../../../../arm-none-eabi/lib/thumb/v7e-m+dp/hard/libc_nano.a(libc_a-mprec.o)
                0x0800dd20                __d2b
 .text.__ssputs_r
                0x0800ddd0       0xb6 /opt/st/stm32cubeide_1.17.0/plugins/com.st.stm32cube.ide.mcu.externaltools.gnu-tools-for-stm32.13.3.rel1.linux64_1.0.0.202410170706/tools/bin/../lib/gcc/arm-none-eabi/13.3.1/../../../../arm-none-eabi/lib/thumb/v7e-m+dp/hard/libc_nano.a(libc_a-nano-svfprintf.o)
                0x0800ddd0                __ssputs_r
 *fill*         0x0800de86        0x2 
 .text._svfprintf_r
                0x0800de88      0x1f8 /opt/st/stm32cubeide_1.17.0/plugins/com.st.stm32cube.ide.mcu.externaltools.gnu-tools-for-stm32.13.3.rel1.linux64_1.0.0.202410170706/tools/bin/../lib/gcc/arm-none-eabi/13.3.1/../../../../arm-none-eabi/lib/thumb/v7e-m+dp/hard/libc_nano.a(libc_a-nano-svfprintf.o)
                0x0800de88                _svfprintf_r
                0x0800de88                _svfiprintf_r
 .text.__sflush_r
                0x0800e080      0x108 /opt/st/stm32cubeide_1.17.0/plugins/com.st.stm32cube.ide.mcu.externaltools.gnu-tools-for-stm32.13.3.rel1.linux64_1.0.0.202410170706/tools/bin/../lib/gcc/arm-none-eabi/13.3.1/../../../../arm-none-eabi/lib/thumb/v7e-m+dp/hard/libc_nano.a(libc_a-fflush.o)
                0x0800e080                __sflush_r
 .text._fflush_r
                0x0800e188       0x50 /opt/st/stm32cubeide_1.17.0/plugins/com.st.stm32cube.ide.mcu.externaltools.gnu-tools-for-stm32.13.3.rel1.linux64_1.0.0.202410170706/tools/bin/../lib/gcc/arm-none-eabi/13.3.1/../../../../arm-none-eabi/lib/thumb/v7e-m+dp/hard/libc_nano.a(libc_a-fflush.o)
                0x0800e188                _fflush_r
 .text.memmove  0x0800e1d8       0x34 /opt/st/stm32cubeide_1.17.0/plugins/com.st.stm32cube.ide.mcu.externaltools.gnu-tools-for-stm32.13.3.rel1.linux64_1.0.0.202410170706/tools/bin/../lib/gcc/arm-none-eabi/13.3.1/../../../../arm-none-eabi/lib/thumb/v7e-m+dp/hard/libc_nano.a(libc_a-memmove.o)
                0x0800e1d8                memmove
 .text._sbrk_r  0x0800e20c       0x20 /opt/st/stm32cubeide_1.17.0/plugins/com.st.stm32cube.ide.mcu.externaltools.gnu-tools-for-stm32.13.3.rel1.linux64_1.0.0.202410170706/tools/bin/../lib/gcc/arm-none-eabi/13.3.1/../../../../arm-none-eabi/lib/thumb/v7e-m+dp/hard/libc_nano.a(libc_a-sbrkr.o)
                0x0800e20c                _sbrk_r
 .text.__assert_func
                0x0800e22c       0x3c /opt/st/stm32cubeide_1.17.0/plugins/com.st.stm32cube.ide.mcu.externaltools.gnu-tools-for-stm32.13.3.rel1.linux64_1.0.0.202410170706/tools/bin/../lib/gcc/arm-none-eabi/13.3.1/../../../../arm-none-eabi/lib/thumb/v7e-m+dp/hard/libc_nano.a(libc_a-assert.o)
                0x0800e22c                __assert_func
 .text._calloc_r
                0x0800e268       0x28 /opt/st/stm32cubeide_1.17.0/plugins/com.st.stm32cube.ide.mcu.externaltools.gnu-tools-for-stm32.13.3.rel1.linux64_1.0.0.202410170706/tools/bin/../lib/gcc/arm-none-eabi/13.3.1/../../../../arm-none-eabi/lib/thumb/v7e-m+dp/hard/libc_nano.a(libc_a-callocr.o)
                0x0800e268                _calloc_r
 .text.__ascii_mbtowc
                0x0800e290       0x24 /opt/st/stm32cubeide_1.17.0/plugins/com.st.stm32cube.ide.mcu.externaltools.gnu-tools-for-stm32.13.3.rel1.linux64_1.0.0.202410170706/tools/bin/../lib/gcc/arm-none-eabi/13.3.1/../../../../arm-none-eabi/lib/thumb/v7e-m+dp/hard/libc_nano.a(libc_a-mbtowc_r.o)
                0x0800e290                __ascii_mbtowc
 .text._realloc_r
                0x0800e2b4       0x5c /opt/st/stm32cubeide_1.17.0/plugins/com.st.stm32cube.ide.mcu.externaltools.gnu-tools-for-stm32.13.3.rel1.linux64_1.0.0.202410170706/tools/bin/../lib/gcc/arm-none-eabi/13.3.1/../../../../arm-none-eabi/lib/thumb/v7e-m+dp/hard/libc_nano.a(libc_a-reallocr.o)
                0x0800e2b4                _realloc_r
 .text.__ascii_wctomb
                0x0800e310       0x1a /opt/st/stm32cubeide_1.17.0/plugins/com.st.stm32cube.ide.mcu.externaltools.gnu-tools-for-stm32.13.3.rel1.linux64_1.0.0.202410170706/tools/bin/../lib/gcc/arm-none-eabi/13.3.1/../../../../arm-none-eabi/lib/thumb/v7e-m+dp/hard/libc_nano.a(libc_a-wctomb_r.o)
                0x0800e310                __ascii_wctomb
 *fill*         0x0800e32a        0x2 
 .text.fprintf  0x0800e32c       0x24 /opt/st/stm32cubeide_1.17.0/plugins/com.st.stm32cube.ide.mcu.externaltools.gnu-tools-for-stm32.13.3.rel1.linux64_1.0.0.202410170706/tools/bin/../lib/gcc/arm-none-eabi/13.3.1/../../../../arm-none-eabi/lib/thumb/v7e-m+dp/hard/libc_nano.a(libc_a-fprintf.o)
                0x0800e32c                fprintf
                0x0800e32c                fiprintf
 .text.abort    0x0800e350        0xe /opt/st/stm32cubeide_1.17.0/plugins/com.st.stm32cube.ide.mcu.externaltools.gnu-tools-for-stm32.13.3.rel1.linux64_1.0.0.202410170706/tools/bin/../lib/gcc/arm-none-eabi/13.3.1/../../../../arm-none-eabi/lib/thumb/v7e-m+dp/hard/libc_nano.a(libc_a-abort.o)
                0x0800e350                abort
 .text._malloc_usable_size_r
                0x0800e35e       0x10 /opt/st/stm32cubeide_1.17.0/plugins/com.st.stm32cube.ide.mcu.externaltools.gnu-tools-for-stm32.13.3.rel1.linux64_1.0.0.202410170706/tools/bin/../lib/gcc/arm-none-eabi/13.3.1/../../../../arm-none-eabi/lib/thumb/v7e-m+dp/hard/libc_nano.a(libc_a-msizer.o)
                0x0800e35e                _malloc_usable_size_r
 .text.__sfputc_r
                0x0800e36e       0x2e /opt/st/stm32cubeide_1.17.0/plugins/com.st.stm32cube.ide.mcu.externaltools.gnu-tools-for-stm32.13.3.rel1.linux64_1.0.0.202410170706/tools/bin/../lib/gcc/arm-none-eabi/13.3.1/../../../../arm-none-eabi/lib/thumb/v7e-m+dp/hard/libc_nano.a(libc_a-nano-vfprintf.o)
 .text.__sfputs_r
                0x0800e39c       0x24 /opt/st/stm32cubeide_1.17.0/plugins/com.st.stm32cube.ide.mcu.externaltools.gnu-tools-for-stm32.13.3.rel1.linux64_1.0.0.202410170706/tools/bin/../lib/gcc/arm-none-eabi/13.3.1/../../../../arm-none-eabi/lib/thumb/v7e-m+dp/hard/libc_nano.a(libc_a-nano-vfprintf.o)
                0x0800e39c                __sfputs_r
 .text._vfprintf_r
                0x0800e3c0      0x230 /opt/st/stm32cubeide_1.17.0/plugins/com.st.stm32cube.ide.mcu.externaltools.gnu-tools-for-stm32.13.3.rel1.linux64_1.0.0.202410170706/tools/bin/../lib/gcc/arm-none-eabi/13.3.1/../../../../arm-none-eabi/lib/thumb/v7e-m+dp/hard/libc_nano.a(libc_a-nano-vfprintf.o)
                0x0800e3c0                _vfiprintf_r
                0x0800e3c0                _vfprintf_r
 .text.__swbuf_r
                0x0800e5f0       0x7c /opt/st/stm32cubeide_1.17.0/plugins/com.st.stm32cube.ide.mcu.externaltools.gnu-tools-for-stm32.13.3.rel1.linux64_1.0.0.202410170706/tools/bin/../lib/gcc/arm-none-eabi/13.3.1/../../../../arm-none-eabi/lib/thumb/v7e-m+dp/hard/libc_nano.a(libc_a-wbuf.o)
                0x0800e5f0                __swbuf_r
 .text.__swsetup_r
                0x0800e66c       0xac /opt/st/stm32cubeide_1.17.0/plugins/com.st.stm32cube.ide.mcu.externaltools.gnu-tools-for-stm32.13.3.rel1.linux64_1.0.0.202410170706/tools/bin/../lib/gcc/arm-none-eabi/13.3.1/../../../../arm-none-eabi/lib/thumb/v7e-m+dp/hard/libc_nano.a(libc_a-wsetup.o)
                0x0800e66c                __swsetup_r
 .text._raise_r
                0x0800e718       0x50 /opt/st/stm32cubeide_1.17.0/plugins/com.st.stm32cube.ide.mcu.externaltools.gnu-tools-for-stm32.13.3.rel1.linux64_1.0.0.202410170706/tools/bin/../lib/gcc/arm-none-eabi/13.3.1/../../../../arm-none-eabi/lib/thumb/v7e-m+dp/hard/libc_nano.a(libc_a-signal.o)
                0x0800e718                _raise_r
 .text.raise    0x0800e768       0x10 /opt/st/stm32cubeide_1.17.0/plugins/com.st.stm32cube.ide.mcu.externaltools.gnu-tools-for-stm32.13.3.rel1.linux64_1.0.0.202410170706/tools/bin/../lib/gcc/arm-none-eabi/13.3.1/../../../../arm-none-eabi/lib/thumb/v7e-m+dp/hard/libc_nano.a(libc_a-signal.o)
                0x0800e768                raise
 .text._kill_r  0x0800e778       0x24 /opt/st/stm32cubeide_1.17.0/plugins/com.st.stm32cube.ide.mcu.externaltools.gnu-tools-for-stm32.13.3.rel1.linux64_1.0.0.202410170706/tools/bin/../lib/gcc/arm-none-eabi/13.3.1/../../../../arm-none-eabi/lib/thumb/v7e-m+dp/hard/libc_nano.a(libc_a-signalr.o)
                0x0800e778                _kill_r
 .text._getpid_r
                0x0800e79c        0x4 /opt/st/stm32cubeide_1.17.0/plugins/com.st.stm32cube.ide.mcu.externaltools.gnu-tools-for-stm32.13.3.rel1.linux64_1.0.0.202410170706/tools/bin/../lib/gcc/arm-none-eabi/13.3.1/../../../../arm-none-eabi/lib/thumb/v7e-m+dp/hard/libc_nano.a(libc_a-signalr.o)
                0x0800e79c                _getpid_r
 .text.__swhatbuf_r
                0x0800e7a0       0x4c /opt/st/stm32cubeide_1.17.0/plugins/com.st.stm32cube.ide.mcu.externaltools.gnu-tools-for-stm32.13.3.rel1.linux64_1.0.0.202410170706/tools/bin/../lib/gcc/arm-none-eabi/13.3.1/../../../../arm-none-eabi/lib/thumb/v7e-m+dp/hard/libc_nano.a(libc_a-makebuf.o)
                0x0800e7a0                __swhatbuf_r
 .text.__smakebuf_r
                0x0800e7ec       0x78 /opt/st/stm32cubeide_1.17.0/plugins/com.st.stm32cube.ide.mcu.externaltools.gnu-tools-for-stm32.13.3.rel1.linux64_1.0.0.202410170706/tools/bin/../lib/gcc/arm-none-eabi/13.3.1/../../../../arm-none-eabi/lib/thumb/v7e-m+dp/hard/libc_nano.a(libc_a-makebuf.o)
                0x0800e7ec                __smakebuf_r
 .text._fstat_r
                0x0800e864       0x24 /opt/st/stm32cubeide_1.17.0/plugins/com.st.stm32cube.ide.mcu.externaltools.gnu-tools-for-stm32.13.3.rel1.linux64_1.0.0.202410170706/tools/bin/../lib/gcc/arm-none-eabi/13.3.1/../../../../arm-none-eabi/lib/thumb/v7e-m+dp/hard/libc_nano.a(libc_a-fstatr.o)
                0x0800e864                _fstat_r
 .text._isatty_r
                0x0800e888       0x20 /opt/st/stm32cubeide_1.17.0/plugins/com.st.stm32cube.ide.mcu.externaltools.gnu-tools-for-stm32.13.3.rel1.linux64_1.0.0.202410170706/tools/bin/../lib/gcc/arm-none-eabi/13.3.1/../../../../arm-none-eabi/lib/thumb/v7e-m+dp/hard/libc_nano.a(libc_a-isattyr.o)
                0x0800e888                _isatty_r
 .text.atan2f   0x0800e8a8        0x4 /opt/st/stm32cubeide_1.17.0/plugins/com.st.stm32cube.ide.mcu.externaltools.gnu-tools-for-stm32.13.3.rel1.linux64_1.0.0.202410170706/tools/bin/../lib/gcc/arm-none-eabi/13.3.1/../../../../arm-none-eabi/lib/thumb/v7e-m+dp/hard/libm.a(libm_a-wf_atan2.o)
                0x0800e8a8                atan2f
 .text.sqrtf    0x0800e8ac       0x3c /opt/st/stm32cubeide_1.17.0/plugins/com.st.stm32cube.ide.mcu.externaltools.gnu-tools-for-stm32.13.3.rel1.linux64_1.0.0.202410170706/tools/bin/../lib/gcc/arm-none-eabi/13.3.1/../../../../arm-none-eabi/lib/thumb/v7e-m+dp/hard/libm.a(libm_a-wf_sqrt.o)
                0x0800e8ac                sqrtf
 .text.fmaxf    0x0800e8e8       0x3a /opt/st/stm32cubeide_1.17.0/plugins/com.st.stm32cube.ide.mcu.externaltools.gnu-tools-for-stm32.13.3.rel1.linux64_1.0.0.202410170706/tools/bin/../lib/gcc/arm-none-eabi/13.3.1/../../../../arm-none-eabi/lib/thumb/v7e-m+dp/hard/libm.a(libm_a-sf_fmax.o)
                0x0800e8e8                fmaxf
 .text.fminf    0x0800e922       0x3a /opt/st/stm32cubeide_1.17.0/plugins/com.st.stm32cube.ide.mcu.externaltools.gnu-tools-for-stm32.13.3.rel1.linux64_1.0.0.202410170706/tools/bin/../lib/gcc/arm-none-eabi/13.3.1/../../../../arm-none-eabi/lib/thumb/v7e-m+dp/hard/libm.a(libm_a-sf_fmin.o)
                0x0800e922                fminf
 .text.__fpclassifyf
                0x0800e95c       0x38 /opt/st/stm32cubeide_1.17.0/plugins/com.st.stm32cube.ide.mcu.externaltools.gnu-tools-for-stm32.13.3.rel1.linux64_1.0.0.202410170706/tools/bin/../lib/gcc/arm-none-eabi/13.3.1/../../../../arm-none-eabi/lib/thumb/v7e-m+dp/hard/libm.a(libm_a-sf_fpclassify.o)
                0x0800e95c                __fpclassifyf
 .text.__ieee754_sqrtf
                0x0800e994        0x6 /opt/st/stm32cubeide_1.17.0/plugins/com.st.stm32cube.ide.mcu.externaltools.gnu-tools-for-stm32.13.3.rel1.linux64_1.0.0.202410170706/tools/bin/../lib/gcc/arm-none-eabi/13.3.1/../../../../arm-none-eabi/lib/thumb/v7e-m+dp/hard/libm.a(libm_a-ef_sqrt.o)
                0x0800e994                __ieee754_sqrtf
 *fill*         0x0800e99a        0x2 
 .text.__ieee754_atan2f
                0x0800e99c      0x13c /opt/st/stm32cubeide_1.17.0/plugins/com.st.stm32cube.ide.mcu.externaltools.gnu-tools-for-stm32.13.3.rel1.linux64_1.0.0.202410170706/tools/bin/../lib/gcc/arm-none-eabi/13.3.1/../../../../arm-none-eabi/lib/thumb/v7e-m+dp/hard/libm.a(libm_a-ef_atan2.o)
                0x0800e99c                __ieee754_atan2f
 .text.atanf    0x0800ead8      0x1a8 /opt/st/stm32cubeide_1.17.0/plugins/com.st.stm32cube.ide.mcu.externaltools.gnu-tools-for-stm32.13.3.rel1.linux64_1.0.0.202410170706/tools/bin/../lib/gcc/arm-none-eabi/13.3.1/../../../../arm-none-eabi/lib/thumb/v7e-m+dp/hard/libm.a(libm_a-sf_atan.o)
                0x0800ead8                atanf
 .text.fabsf    0x0800ec80        0xe /opt/st/stm32cubeide_1.17.0/plugins/com.st.stm32cube.ide.mcu.externaltools.gnu-tools-for-stm32.13.3.rel1.linux64_1.0.0.202410170706/tools/bin/../lib/gcc/arm-none-eabi/13.3.1/../../../../arm-none-eabi/lib/thumb/v7e-m+dp/hard/libm.a(libm_a-sf_fabs.o)
                0x0800ec80                fabsf
 *(.glue_7)
 .glue_7        0x0800ec8e        0x0 linker stubs
 *(.glue_7t)
 .glue_7t       0x0800ec8e        0x0 linker stubs
 *(.eh_frame)
 *fill*         0x0800ec8e        0x2 
 .eh_frame      0x0800ec90        0x0 /opt/st/stm32cubeide_1.17.0/plugins/com.st.stm32cube.ide.mcu.externaltools.gnu-tools-for-stm32.13.3.rel1.linux64_1.0.0.202410170706/tools/bin/../lib/gcc/arm-none-eabi/13.3.1/thumb/v7e-m+dp/hard/crtbegin.o
 *(.init)
 .init          0x0800ec90        0x4 /opt/st/stm32cubeide_1.17.0/plugins/com.st.stm32cube.ide.mcu.externaltools.gnu-tools-for-stm32.13.3.rel1.linux64_1.0.0.202410170706/tools/bin/../lib/gcc/arm-none-eabi/13.3.1/thumb/v7e-m+dp/hard/crti.o
                0x0800ec90                _init
 .init          0x0800ec94        0x8 /opt/st/stm32cubeide_1.17.0/plugins/com.st.stm32cube.ide.mcu.externaltools.gnu-tools-for-stm32.13.3.rel1.linux64_1.0.0.202410170706/tools/bin/../lib/gcc/arm-none-eabi/13.3.1/thumb/v7e-m+dp/hard/crtn.o
 *(.fini)
 .fini          0x0800ec9c        0x4 /opt/st/stm32cubeide_1.17.0/plugins/com.st.stm32cube.ide.mcu.externaltools.gnu-tools-for-stm32.13.3.rel1.linux64_1.0.0.202410170706/tools/bin/../lib/gcc/arm-none-eabi/13.3.1/thumb/v7e-m+dp/hard/crti.o
                0x0800ec9c                _fini
 .fini          0x0800eca0        0x8 /opt/st/stm32cubeide_1.17.0/plugins/com.st.stm32cube.ide.mcu.externaltools.gnu-tools-for-stm32.13.3.rel1.linux64_1.0.0.202410170706/tools/bin/../lib/gcc/arm-none-eabi/13.3.1/thumb/v7e-m+dp/hard/crtn.o
                0x0800eca8                        . = ALIGN (0x4)
                0x0800eca8                        _etext = .

.vfp11_veneer   0x0800eca8        0x0
 .vfp11_veneer  0x0800eca8        0x0 linker stubs

.v4_bx          0x0800eca8        0x0
 .v4_bx         0x0800eca8        0x0 linker stubs

.iplt           0x0800eca8        0x0
 .iplt          0x0800eca8        0x0 /opt/st/stm32cubeide_1.17.0/plugins/com.st.stm32cube.ide.mcu.externaltools.gnu-tools-for-stm32.13.3.rel1.linux64_1.0.0.202410170706/tools/bin/../lib/gcc/arm-none-eabi/13.3.1/thumb/v7e-m+dp/hard/crtbegin.o

.rodata         0x0800eca8      0x6b4
                0x0800eca8                        . = ALIGN (0x4)
 *(.rodata)
 .rodata        0x0800eca8      0x18e ./Core/Src/filters.o
 *fill*         0x0800ee36        0x2 
 .rodata        0x0800ee38       0x26 ./Core/Src/icm20948.o
 *fill*         0x0800ee5e        0x2 
 .rodata        0x0800ee60      0x110 ./Core/Src/main.o
 *(.rodata*)
 .rodata.D1CorePrescTable
                0x0800ef70       0x10 ./Core/Src/system_stm32h7xx.o
                0x0800ef70                D1CorePrescTable
 .rodata.flagBitshiftOffset.0
                0x0800ef80        0x8 ./Drivers/STM32H7xx_HAL_Driver/Src/stm32h7xx_hal_dma.o
 .rodata.UARTPrescTable
                0x0800ef88       0x18 ./Drivers/STM32H7xx_HAL_Driver/Src/stm32h7xx_hal_uart.o
                0x0800ef88                UARTPrescTable
 .rodata.numerator.1
                0x0800efa0        0x8 ./Drivers/STM32H7xx_HAL_Driver/Src/stm32h7xx_hal_uart_ex.o
 .rodata.denominator.0
                0x0800efa8        0x8 ./Drivers/STM32H7xx_HAL_Driver/Src/stm32h7xx_hal_uart_ex.o
 .rodata._printf_float.str1.1
                0x0800efb0      0x171 /opt/st/stm32cubeide_1.17.0/plugins/com.st.stm32cube.ide.mcu.externaltools.gnu-tools-for-stm32.13.3.rel1.linux64_1.0.0.202410170706/tools/bin/../lib/gcc/arm-none-eabi/13.3.1/../../../../arm-none-eabi/lib/thumb/v7e-m+dp/hard/libc_nano.a(libc_a-nano-vfprintf_float.o)
                                 0x12 (size before relaxing)
 .rodata._printf_i.str1.1
                0x0800f121       0x22 /opt/st/stm32cubeide_1.17.0/plugins/com.st.stm32cube.ide.mcu.externaltools.gnu-tools-for-stm32.13.3.rel1.linux64_1.0.0.202410170706/tools/bin/../lib/gcc/arm-none-eabi/13.3.1/../../../../arm-none-eabi/lib/thumb/v7e-m+dp/hard/libc_nano.a(libc_a-nano-vfprintf_i.o)
 .rodata._dtoa_r.str1.1
                0x0800f121       0x8f /opt/st/stm32cubeide_1.17.0/plugins/com.st.stm32cube.ide.mcu.externaltools.gnu-tools-for-stm32.13.3.rel1.linux64_1.0.0.202410170706/tools/bin/../lib/gcc/arm-none-eabi/13.3.1/../../../../arm-none-eabi/lib/thumb/v7e-m+dp/hard/libc_nano.a(libc_a-dtoa.o)
 .rodata._Balloc.str1.1
                0x0800f121       0x70 /opt/st/stm32cubeide_1.17.0/plugins/com.st.stm32cube.ide.mcu.externaltools.gnu-tools-for-stm32.13.3.rel1.linux64_1.0.0.202410170706/tools/bin/../lib/gcc/arm-none-eabi/13.3.1/../../../../arm-none-eabi/lib/thumb/v7e-m+dp/hard/libc_nano.a(libc_a-mprec.o)
 .rodata.__multadd.str1.1
                0x0800f121       0x11 /opt/st/stm32cubeide_1.17.0/plugins/com.st.stm32cube.ide.mcu.externaltools.gnu-tools-for-stm32.13.3.rel1.linux64_1.0.0.202410170706/tools/bin/../lib/gcc/arm-none-eabi/13.3.1/../../../../arm-none-eabi/lib/thumb/v7e-m+dp/hard/libc_nano.a(libc_a-mprec.o)
 *fill*         0x0800f121        0x3 
 .rodata.p05.0  0x0800f124        0xc /opt/st/stm32cubeide_1.17.0/plugins/com.st.stm32cube.ide.mcu.externaltools.gnu-tools-for-stm32.13.3.rel1.linux64_1.0.0.202410170706/tools/bin/../lib/gcc/arm-none-eabi/13.3.1/../../../../arm-none-eabi/lib/thumb/v7e-m+dp/hard/libc_nano.a(libc_a-mprec.o)
 .rodata.__mprec_bigtens
                0x0800f130       0x28 /opt/st/stm32cubeide_1.17.0/plugins/com.st.stm32cube.ide.mcu.externaltools.gnu-tools-for-stm32.13.3.rel1.linux64_1.0.0.202410170706/tools/bin/../lib/gcc/arm-none-eabi/13.3.1/../../../../arm-none-eabi/lib/thumb/v7e-m+dp/hard/libc_nano.a(libc_a-mprec.o)
                0x0800f130                __mprec_bigtens
 .rodata.__mprec_tens
                0x0800f158       0xc8 /opt/st/stm32cubeide_1.17.0/plugins/com.st.stm32cube.ide.mcu.externaltools.gnu-tools-for-stm32.13.3.rel1.linux64_1.0.0.202410170706/tools/bin/../lib/gcc/arm-none-eabi/13.3.1/../../../../arm-none-eabi/lib/thumb/v7e-m+dp/hard/libc_nano.a(libc_a-mprec.o)
                0x0800f158                __mprec_tens
 .rodata._svfprintf_r.str1.1
                0x0800f220       0x11 /opt/st/stm32cubeide_1.17.0/plugins/com.st.stm32cube.ide.mcu.externaltools.gnu-tools-for-stm32.13.3.rel1.linux64_1.0.0.202410170706/tools/bin/../lib/gcc/arm-none-eabi/13.3.1/../../../../arm-none-eabi/lib/thumb/v7e-m+dp/hard/libc_nano.a(libc_a-nano-svfprintf.o)
 .rodata._setlocale_r.str1.1
                0x0800f220        0x9 /opt/st/stm32cubeide_1.17.0/plugins/com.st.stm32cube.ide.mcu.externaltools.gnu-tools-for-stm32.13.3.rel1.linux64_1.0.0.202410170706/tools/bin/../lib/gcc/arm-none-eabi/13.3.1/../../../../arm-none-eabi/lib/thumb/v7e-m+dp/hard/libc_nano.a(libc_a-locale.o)
 .rodata.str1.1
                0x0800f220        0x2 /opt/st/stm32cubeide_1.17.0/plugins/com.st.stm32cube.ide.mcu.externaltools.gnu-tools-for-stm32.13.3.rel1.linux64_1.0.0.202410170706/tools/bin/../lib/gcc/arm-none-eabi/13.3.1/../../../../arm-none-eabi/lib/thumb/v7e-m+dp/hard/libc_nano.a(libc_a-locale.o)
 .rodata.__assert_func.str1.1
                0x0800f220       0x3d /opt/st/stm32cubeide_1.17.0/plugins/com.st.stm32cube.ide.mcu.externaltools.gnu-tools-for-stm32.13.3.rel1.linux64_1.0.0.202410170706/tools/bin/../lib/gcc/arm-none-eabi/13.3.1/../../../../arm-none-eabi/lib/thumb/v7e-m+dp/hard/libc_nano.a(libc_a-assert.o)
 .rodata._ctype_
                0x0800f220      0x101 /opt/st/stm32cubeide_1.17.0/plugins/com.st.stm32cube.ide.mcu.externaltools.gnu-tools-for-stm32.13.3.rel1.linux64_1.0.0.202410170706/tools/bin/../lib/gcc/arm-none-eabi/13.3.1/../../../../arm-none-eabi/lib/thumb/v7e-m+dp/hard/libc_nano.a(libc_a-ctype_.o)
                0x0800f220                _ctype_
 .rodata._vfprintf_r.str1.1
                0x0800f321       0x11 /opt/st/stm32cubeide_1.17.0/plugins/com.st.stm32cube.ide.mcu.externaltools.gnu-tools-for-stm32.13.3.rel1.linux64_1.0.0.202410170706/tools/bin/../lib/gcc/arm-none-eabi/13.3.1/../../../../arm-none-eabi/lib/thumb/v7e-m+dp/hard/libc_nano.a(libc_a-nano-vfprintf.o)
 *fill*         0x0800f321        0x3 
 .rodata.CSWTCH.9
                0x0800f324        0xc /opt/st/stm32cubeide_1.17.0/plugins/com.st.stm32cube.ide.mcu.externaltools.gnu-tools-for-stm32.13.3.rel1.linux64_1.0.0.202410170706/tools/bin/../lib/gcc/arm-none-eabi/13.3.1/../../../../arm-none-eabi/lib/thumb/v7e-m+dp/hard/libm.a(libm_a-ef_atan2.o)
 .rodata.CSWTCH.8
                0x0800f330        0xc /opt/st/stm32cubeide_1.17.0/plugins/com.st.stm32cube.ide.mcu.externaltools.gnu-tools-for-stm32.13.3.rel1.linux64_1.0.0.202410170706/tools/bin/../lib/gcc/arm-none-eabi/13.3.1/../../../../arm-none-eabi/lib/thumb/v7e-m+dp/hard/libm.a(libm_a-ef_atan2.o)
 .rodata.atanlo
                0x0800f33c       0x10 /opt/st/stm32cubeide_1.17.0/plugins/com.st.stm32cube.ide.mcu.externaltools.gnu-tools-for-stm32.13.3.rel1.linux64_1.0.0.202410170706/tools/bin/../lib/gcc/arm-none-eabi/13.3.1/../../../../arm-none-eabi/lib/thumb/v7e-m+dp/hard/libm.a(libm_a-sf_atan.o)
 .rodata.atanhi
                0x0800f34c       0x10 /opt/st/stm32cubeide_1.17.0/plugins/com.st.stm32cube.ide.mcu.externaltools.gnu-tools-for-stm32.13.3.rel1.linux64_1.0.0.202410170706/tools/bin/../lib/gcc/arm-none-eabi/13.3.1/../../../../arm-none-eabi/lib/thumb/v7e-m+dp/hard/libm.a(libm_a-sf_atan.o)
                0x0800f35c                        . = ALIGN (0x4)

.ARM.extab
 *(.ARM.extab* .gnu.linkonce.armextab.*)

.ARM            0x0800f35c        0x8
                0x0800f35c                        __exidx_start = .
 *(.ARM.exidx*)
 .ARM.exidx     0x0800f35c        0x8 /opt/st/stm32cubeide_1.17.0/plugins/com.st.stm32cube.ide.mcu.externaltools.gnu-tools-for-stm32.13.3.rel1.linux64_1.0.0.202410170706/tools/bin/../lib/gcc/arm-none-eabi/13.3.1/../../../../arm-none-eabi/lib/thumb/v7e-m+dp/hard/libc_nano.a(libc_a-memchr.o)
 .ARM.exidx     0x0800f364        0x0 /opt/st/stm32cubeide_1.17.0/plugins/com.st.stm32cube.ide.mcu.externaltools.gnu-tools-for-stm32.13.3.rel1.linux64_1.0.0.202410170706/tools/bin/../lib/gcc/arm-none-eabi/13.3.1/../../../../arm-none-eabi/lib/thumb/v7e-m+dp/hard/libc_nano.a(libc_a-strlen.o)
                                  0x8 (size before relaxing)
 .ARM.exidx     0x0800f364        0x0 /opt/st/stm32cubeide_1.17.0/plugins/com.st.stm32cube.ide.mcu.externaltools.gnu-tools-for-stm32.13.3.rel1.linux64_1.0.0.202410170706/tools/bin/../lib/gcc/arm-none-eabi/13.3.1/thumb/v7e-m+dp/hard/libgcc.a(_udivmoddi4.o)
                                  0x8 (size before relaxing)
                0x0800f364                        __exidx_end = .

.preinit_array  0x0800f364        0x0
                0x0800f364                        PROVIDE (__preinit_array_start = .)
 *(.preinit_array*)
                0x0800f364                        PROVIDE (__preinit_array_end = .)

.init_array     0x0800f364        0x4
                0x0800f364                        PROVIDE (__init_array_start = .)
 *(SORT_BY_NAME(.init_array.*))
 *(.init_array*)
 .init_array    0x0800f364        0x4 /opt/st/stm32cubeide_1.17.0/plugins/com.st.stm32cube.ide.mcu.externaltools.gnu-tools-for-stm32.13.3.rel1.linux64_1.0.0.202410170706/tools/bin/../lib/gcc/arm-none-eabi/13.3.1/thumb/v7e-m+dp/hard/crtbegin.o
                0x0800f368                        PROVIDE (__init_array_end = .)

.fini_array     0x0800f368        0x4
                [!provide]                        PROVIDE (__fini_array_start = .)
 *(SORT_BY_NAME(.fini_array.*))
 *(.fini_array*)
 .fini_array    0x0800f368        0x4 /opt/st/stm32cubeide_1.17.0/plugins/com.st.stm32cube.ide.mcu.externaltools.gnu-tools-for-stm32.13.3.rel1.linux64_1.0.0.202410170706/tools/bin/../lib/gcc/arm-none-eabi/13.3.1/thumb/v7e-m+dp/hard/crtbegin.o
                [!provide]                        PROVIDE (__fini_array_end = .)
                0x0800f36c                        _sidata = LOADADDR (.data)

.rel.dyn        0x0800f36c        0x0
 .rel.iplt      0x0800f36c        0x0 /opt/st/stm32cubeide_1.17.0/plugins/com.st.stm32cube.ide.mcu.externaltools.gnu-tools-for-stm32.13.3.rel1.linux64_1.0.0.202410170706/tools/bin/../lib/gcc/arm-none-eabi/13.3.1/thumb/v7e-m+dp/hard/crtbegin.o

.data           0x24000000      0x1e0 load address 0x0800f36c
                0x24000000                        . = ALIGN (0x4)
                0x24000000                        _sdata = .
 *(.data)
 *(.data*)
 .data.gyro_scale_factor
                0x24000000        0x4 ./Core/Src/icm20948.o
 .data.accel_scale_factor
                0x24000004        0x4 ./Core/Src/icm20948.o
 .data.SystemCoreClock
                0x24000008        0x4 ./Core/Src/system_stm32h7xx.o
                0x24000008                SystemCoreClock
 .data.SystemD2Clock
                0x2400000c        0x4 ./Core/Src/system_stm32h7xx.o
                0x2400000c                SystemD2Clock
 .data.uwTickPrio
                0x24000010        0x4 ./Drivers/STM32H7xx_HAL_Driver/Src/stm32h7xx_hal.o
                0x24000010                uwTickPrio
 .data.uwTickFreq
                0x24000014        0x1 ./Drivers/STM32H7xx_HAL_Driver/Src/stm32h7xx_hal.o
                0x24000014                uwTickFreq
 *fill*         0x24000015        0x3 
 .data.__sglue  0x24000018        0xc /opt/st/stm32cubeide_1.17.0/plugins/com.st.stm32cube.ide.mcu.externaltools.gnu-tools-for-stm32.13.3.rel1.linux64_1.0.0.202410170706/tools/bin/../lib/gcc/arm-none-eabi/13.3.1/../../../../arm-none-eabi/lib/thumb/v7e-m+dp/hard/libc_nano.a(libc_a-findfp.o)
                0x24000018                __sglue
 .data._impure_ptr
                0x24000024        0x4 /opt/st/stm32cubeide_1.17.0/plugins/com.st.stm32cube.ide.mcu.externaltools.gnu-tools-for-stm32.13.3.rel1.linux64_1.0.0.202410170706/tools/bin/../lib/gcc/arm-none-eabi/13.3.1/../../../../arm-none-eabi/lib/thumb/v7e-m+dp/hard/libc_nano.a(libc_a-impure.o)
                0x24000024                _impure_ptr
 .data._impure_data
                0x24000028       0x4c /opt/st/stm32cubeide_1.17.0/plugins/com.st.stm32cube.ide.mcu.externaltools.gnu-tools-for-stm32.13.3.rel1.linux64_1.0.0.202410170706/tools/bin/../lib/gcc/arm-none-eabi/13.3.1/../../../../arm-none-eabi/lib/thumb/v7e-m+dp/hard/libc_nano.a(libc_a-impure.o)
                0x24000028                _impure_data
 .data.__global_locale
                0x24000074      0x16c /opt/st/stm32cubeide_1.17.0/plugins/com.st.stm32cube.ide.mcu.externaltools.gnu-tools-for-stm32.13.3.rel1.linux64_1.0.0.202410170706/tools/bin/../lib/gcc/arm-none-eabi/13.3.1/../../../../arm-none-eabi/lib/thumb/v7e-m+dp/hard/libc_nano.a(libc_a-locale.o)
                0x24000074                __global_locale
 *(.RamFunc)
 *(.RamFunc*)
                0x240001e0                        . = ALIGN (0x4)
                0x240001e0                        _edata = .

.igot.plt       0x240001e0        0x0 load address 0x0800f54c
 .igot.plt      0x240001e0        0x0 /opt/st/stm32cubeide_1.17.0/plugins/com.st.stm32cube.ide.mcu.externaltools.gnu-tools-for-stm32.13.3.rel1.linux64_1.0.0.202410170706/tools/bin/../lib/gcc/arm-none-eabi/13.3.1/thumb/v7e-m+dp/hard/crtbegin.o
                0x240001e0                        . = ALIGN (0x4)

.bss            0x240001e0      0x4e4 load address 0x0800f54c
                0x240001e0                        _sbss = .
                0x240001e0                        __bss_start__ = _sbss
 *(.bss)
 .bss           0x240001e0       0x1c /opt/st/stm32cubeide_1.17.0/plugins/com.st.stm32cube.ide.mcu.externaltools.gnu-tools-for-stm32.13.3.rel1.linux64_1.0.0.202410170706/tools/bin/../lib/gcc/arm-none-eabi/13.3.1/thumb/v7e-m+dp/hard/crtbegin.o
 *(.bss*)
 .bss.print_counter.0
                0x240001fc        0x1 ./Core/Src/filters.o
 .bss.dma_data_ready
                0x240001fd        0x1 ./Core/Src/icm20948.o
 .bss.dma_write_complete
                0x240001fe        0x1 ./Core/Src/icm20948.o
 *fill*         0x240001ff        0x1 
 .bss.dma_rx_buffer
                0x24000200        0x7 ./Core/Src/icm20948.o
 *fill*         0x24000207        0x1 
 .bss.dma_reg_val
                0x24000208        0x6 ./Core/Src/icm20948.o
 *fill*         0x2400020e        0x2 
 .bss.stationary_count.1
                0x24000210        0x4 ./Core/Src/kalman.o
 .bss.gyro_bias_sum.0
                0x24000214        0x8 ./Core/Src/kalman.o
 .bss.uart_buf  0x2400021c       0xc8 ./Core/Src/main.o
                0x2400021c                uart_buf
 .bss.uart_print_counter
                0x240002e4        0x1 ./Core/Src/main.o
 *fill*         0x240002e5        0x3 
 .bss.filtered_gyro
                0x240002e8        0xc ./Core/Src/main.o
                0x240002e8                filtered_gyro
 .bss.filtered_accel
                0x240002f4        0xc ./Core/Src/main.o
                0x240002f4                filtered_accel
 .bss.filter_state
                0x24000300       0x34 ./Core/Src/main.o
                0x24000300                filter_state
 .bss.kalman_filter
                0x24000334       0x30 ./Core/Src/main.o
                0x24000334                kalman_filter
 .bss.hspi2     0x24000364       0x88 ./Core/Src/spi.o
                0x24000364                hspi2
 .bss.hdma_spi2_rx
                0x240003ec       0x78 ./Core/Src/spi.o
                0x240003ec                hdma_spi2_rx
 .bss.hdma_spi2_tx
                0x24000464       0x78 ./Core/Src/spi.o
                0x24000464                hdma_spi2_tx
 .bss.__sbrk_heap_end
                0x240004dc        0x4 ./Core/Src/sysmem.o
 .bss.huart6    0x240004e0       0x94 ./Core/Src/usart.o
                0x240004e0                huart6
 .bss.uwTick    0x24000574        0x4 ./Drivers/STM32H7xx_HAL_Driver/Src/stm32h7xx_hal.o
                0x24000574                uwTick
 .bss.__sf      0x24000578      0x138 /opt/st/stm32cubeide_1.17.0/plugins/com.st.stm32cube.ide.mcu.externaltools.gnu-tools-for-stm32.13.3.rel1.linux64_1.0.0.202410170706/tools/bin/../lib/gcc/arm-none-eabi/13.3.1/../../../../arm-none-eabi/lib/thumb/v7e-m+dp/hard/libc_nano.a(libc_a-findfp.o)
                0x24000578                __sf
 .bss.__stdio_exit_handler
                0x240006b0        0x4 /opt/st/stm32cubeide_1.17.0/plugins/com.st.stm32cube.ide.mcu.externaltools.gnu-tools-for-stm32.13.3.rel1.linux64_1.0.0.202410170706/tools/bin/../lib/gcc/arm-none-eabi/13.3.1/../../../../arm-none-eabi/lib/thumb/v7e-m+dp/hard/libc_nano.a(libc_a-findfp.o)
                0x240006b0                __stdio_exit_handler
 .bss.errno     0x240006b4        0x4 /opt/st/stm32cubeide_1.17.0/plugins/com.st.stm32cube.ide.mcu.externaltools.gnu-tools-for-stm32.13.3.rel1.linux64_1.0.0.202410170706/tools/bin/../lib/gcc/arm-none-eabi/13.3.1/../../../../arm-none-eabi/lib/thumb/v7e-m+dp/hard/libc_nano.a(libc_a-reent.o)
                0x240006b4                errno
 .bss.__lock___malloc_recursive_mutex
                0x240006b8        0x1 /opt/st/stm32cubeide_1.17.0/plugins/com.st.stm32cube.ide.mcu.externaltools.gnu-tools-for-stm32.13.3.rel1.linux64_1.0.0.202410170706/tools/bin/../lib/gcc/arm-none-eabi/13.3.1/../../../../arm-none-eabi/lib/thumb/v7e-m+dp/hard/libc_nano.a(libc_a-lock.o)
                0x240006b8                __lock___malloc_recursive_mutex
 .bss.__lock___sfp_recursive_mutex
                0x240006b9        0x1 /opt/st/stm32cubeide_1.17.0/plugins/com.st.stm32cube.ide.mcu.externaltools.gnu-tools-for-stm32.13.3.rel1.linux64_1.0.0.202410170706/tools/bin/../lib/gcc/arm-none-eabi/13.3.1/../../../../arm-none-eabi/lib/thumb/v7e-m+dp/hard/libc_nano.a(libc_a-lock.o)
                0x240006b9                __lock___sfp_recursive_mutex
 *fill*         0x240006ba        0x2 
 .bss.__malloc_sbrk_start
                0x240006bc        0x4 /opt/st/stm32cubeide_1.17.0/plugins/com.st.stm32cube.ide.mcu.externaltools.gnu-tools-for-stm32.13.3.rel1.linux64_1.0.0.202410170706/tools/bin/../lib/gcc/arm-none-eabi/13.3.1/../../../../arm-none-eabi/lib/thumb/v7e-m+dp/hard/libc_nano.a(libc_a-mallocr.o)
                0x240006bc                __malloc_sbrk_start
 .bss.__malloc_free_list
                0x240006c0        0x4 /opt/st/stm32cubeide_1.17.0/plugins/com.st.stm32cube.ide.mcu.externaltools.gnu-tools-for-stm32.13.3.rel1.linux64_1.0.0.202410170706/tools/bin/../lib/gcc/arm-none-eabi/13.3.1/../../../../arm-none-eabi/lib/thumb/v7e-m+dp/hard/libc_nano.a(libc_a-mallocr.o)
                0x240006c0                __malloc_free_list
 *(COMMON)
                0x240006c4                        . = ALIGN (0x4)
                0x240006c4                        _ebss = .
                0x240006c4                        __bss_end__ = _ebss

._user_heap_stack
                0x240006c4      0x604 load address 0x0800f54c
                0x240006c8                        . = ALIGN (0x8)
 *fill*         0x240006c4        0x4 
                [!provide]                        PROVIDE (end = .)
                0x240006c8                        PROVIDE (_end = .)
                0x240008c8                        . = (. + _Min_Heap_Size)
 *fill*         0x240006c8      0x200 
                0x24000cc8                        . = (. + _Min_Stack_Size)
 *fill*         0x240008c8      0x400 
                0x24000cc8                        . = ALIGN (0x8)

/DISCARD/
 libc.a(*)
 libm.a(*)
 libgcc.a(*)

.ARM.attributes
                0x00000000       0x2e
 *(.ARM.attributes)
 .ARM.attributes
                0x00000000       0x20 /opt/st/stm32cubeide_1.17.0/plugins/com.st.stm32cube.ide.mcu.externaltools.gnu-tools-for-stm32.13.3.rel1.linux64_1.0.0.202410170706/tools/bin/../lib/gcc/arm-none-eabi/13.3.1/thumb/v7e-m+dp/hard/crti.o
 .ARM.attributes
                0x00000020       0x32 /opt/st/stm32cubeide_1.17.0/plugins/com.st.stm32cube.ide.mcu.externaltools.gnu-tools-for-stm32.13.3.rel1.linux64_1.0.0.202410170706/tools/bin/../lib/gcc/arm-none-eabi/13.3.1/thumb/v7e-m+dp/hard/crtbegin.o
 .ARM.attributes
                0x00000052       0x32 ./Core/Src/dma.o
 .ARM.attributes
                0x00000084       0x32 ./Core/Src/filters.o
 .ARM.attributes
                0x000000b6       0x32 ./Core/Src/gpio.o
 .ARM.attributes
                0x000000e8       0x32 ./Core/Src/icm20948.o
 .ARM.attributes
                0x0000011a       0x32 ./Core/Src/kalman.o
 .ARM.attributes
                0x0000014c       0x32 ./Core/Src/main.o
 .ARM.attributes
                0x0000017e       0x32 ./Core/Src/spi.o
 .ARM.attributes
                0x000001b0       0x32 ./Core/Src/stm32h7xx_hal_msp.o
 .ARM.attributes
                0x000001e2       0x32 ./Core/Src/stm32h7xx_it.o
 .ARM.attributes
                0x00000214       0x32 ./Core/Src/syscalls.o
 .ARM.attributes
                0x00000246       0x32 ./Core/Src/sysmem.o
 .ARM.attributes
                0x00000278       0x32 ./Core/Src/system_stm32h7xx.o
 .ARM.attributes
                0x000002aa       0x32 ./Core/Src/usart.o
 .ARM.attributes
                0x000002dc       0x21 ./Core/Startup/startup_stm32h723vgtx.o
 .ARM.attributes
                0x000002fd       0x32 ./Drivers/STM32H7xx_HAL_Driver/Src/stm32h7xx_hal.o
 .ARM.attributes
                0x0000032f       0x32 ./Drivers/STM32H7xx_HAL_Driver/Src/stm32h7xx_hal_cortex.o
 .ARM.attributes
                0x00000361       0x32 ./Drivers/STM32H7xx_HAL_Driver/Src/stm32h7xx_hal_dma.o
 .ARM.attributes
                0x00000393       0x32 ./Drivers/STM32H7xx_HAL_Driver/Src/stm32h7xx_hal_gpio.o
 .ARM.attributes
                0x000003c5       0x32 ./Drivers/STM32H7xx_HAL_Driver/Src/stm32h7xx_hal_pwr_ex.o
 .ARM.attributes
                0x000003f7       0x32 ./Drivers/STM32H7xx_HAL_Driver/Src/stm32h7xx_hal_rcc.o
 .ARM.attributes
                0x00000429       0x32 ./Drivers/STM32H7xx_HAL_Driver/Src/stm32h7xx_hal_rcc_ex.o
 .ARM.attributes
                0x0000045b       0x32 ./Drivers/STM32H7xx_HAL_Driver/Src/stm32h7xx_hal_spi.o
 .ARM.attributes
                0x0000048d       0x32 ./Drivers/STM32H7xx_HAL_Driver/Src/stm32h7xx_hal_uart.o
 .ARM.attributes
                0x000004bf       0x32 ./Drivers/STM32H7xx_HAL_Driver/Src/stm32h7xx_hal_uart_ex.o
 .ARM.attributes
                0x000004f1       0x32 /opt/st/stm32cubeide_1.17.0/plugins/com.st.stm32cube.ide.mcu.externaltools.gnu-tools-for-stm32.13.3.rel1.linux64_1.0.0.202410170706/tools/bin/../lib/gcc/arm-none-eabi/13.3.1/../../../../arm-none-eabi/lib/thumb/v7e-m+dp/hard/libc_nano.a(libc_a-nano-vfprintf_float.o)
 .ARM.attributes